Component: Arm Compiler for Embedded 6.19 Tool: armlink [5e73cb00]

==============================================================================

Section Cross References

    startup_stm32g431xx.o(STACK) refers (Special) to heapauxi.o(.text) for __use_two_region_memory
    startup_stm32g431xx.o(HEAP) refers (Special) to heapauxi.o(.text) for __use_two_region_memory
    startup_stm32g431xx.o(RESET) refers (Special) to heapauxi.o(.text) for __use_two_region_memory
    startup_stm32g431xx.o(RESET) refers to startup_stm32g431xx.o(STACK) for __initial_sp
    startup_stm32g431xx.o(RESET) refers to startup_stm32g431xx.o(.text) for Reset_Handler
    startup_stm32g431xx.o(RESET) refers to stm32g4xx_it.o(.text.NMI_Handler) for NMI_Handler
    startup_stm32g431xx.o(RESET) refers to stm32g4xx_it.o(.text.HardFault_Handler) for HardFault_Handler
    startup_stm32g431xx.o(RESET) refers to stm32g4xx_it.o(.text.MemManage_Handler) for MemManage_Handler
    startup_stm32g431xx.o(RESET) refers to stm32g4xx_it.o(.text.BusFault_Handler) for BusFault_Handler
    startup_stm32g431xx.o(RESET) refers to stm32g4xx_it.o(.text.UsageFault_Handler) for UsageFault_Handler
    startup_stm32g431xx.o(RESET) refers to stm32g4xx_it.o(.text.SVC_Handler) for SVC_Handler
    startup_stm32g431xx.o(RESET) refers to stm32g4xx_it.o(.text.DebugMon_Handler) for DebugMon_Handler
    startup_stm32g431xx.o(RESET) refers to stm32g4xx_it.o(.text.PendSV_Handler) for PendSV_Handler
    startup_stm32g431xx.o(RESET) refers to stm32g4xx_it.o(.text.SysTick_Handler) for SysTick_Handler
    startup_stm32g431xx.o(RESET) refers to stm32g4xx_it.o(.text.TIM1_UP_TIM16_IRQHandler) for TIM1_UP_TIM16_IRQHandler
    startup_stm32g431xx.o(RESET) refers to stm32g4xx_it.o(.text.TIM1_TRG_COM_TIM17_IRQHandler) for TIM1_TRG_COM_TIM17_IRQHandler
    startup_stm32g431xx.o(RESET) refers to stm32g4xx_it.o(.text.TIM2_IRQHandler) for TIM2_IRQHandler
    startup_stm32g431xx.o(.text) refers (Special) to heapauxi.o(.text) for __use_two_region_memory
    startup_stm32g431xx.o(.text) refers to system_stm32g4xx.o(.text.SystemInit) for SystemInit
    startup_stm32g431xx.o(.text) refers to __main.o(!!!main) for __main
    startup_stm32g431xx.o(.text) refers to startup_stm32g431xx.o(HEAP) for Heap_Mem
    startup_stm32g431xx.o(.text) refers to startup_stm32g431xx.o(STACK) for Stack_Mem
    main.o(.text.main) refers to stm32g4xx_hal.o(.text.HAL_Init) for HAL_Init
    main.o(.text.main) refers to stm32g4xx_hal_pwr_ex.o(.text.HAL_PWREx_ControlVoltageScaling) for HAL_PWREx_ControlVoltageScaling
    main.o(.text.main) refers to stm32g4xx_hal_rcc.o(.text.HAL_RCC_OscConfig) for HAL_RCC_OscConfig
    main.o(.text.main) refers to stm32g4xx_hal_rcc.o(.text.HAL_RCC_ClockConfig) for HAL_RCC_ClockConfig
    main.o(.text.main) refers to gpio.o(.text.MX_GPIO_Init) for MX_GPIO_Init
    main.o(.text.main) refers to adc.o(.text.MX_ADC1_Init) for MX_ADC1_Init
    main.o(.text.main) refers to adc.o(.text.MX_ADC2_Init) for MX_ADC2_Init
    main.o(.text.main) refers to tim.o(.text.MX_TIM2_Init) for MX_TIM2_Init
    main.o(.text.main) refers to tim.o(.text.MX_TIM3_Init) for MX_TIM3_Init
    main.o(.text.main) refers to tim.o(.text.MX_TIM17_Init) for MX_TIM17_Init
    main.o(.text.main) refers to tim.o(.text.MX_TIM16_Init) for MX_TIM16_Init
    main.o(.text.main) refers to stm32g4xx_hal_gpio.o(.text.HAL_GPIO_WritePin) for HAL_GPIO_WritePin
    main.o(.text.main) refers to lcd.o(.text.LCD_Init) for LCD_Init
    main.o(.text.main) refers to lcd.o(.text.LCD_SetBackColor) for LCD_SetBackColor
    main.o(.text.main) refers to lcd.o(.text.LCD_SetTextColor) for LCD_SetTextColor
    main.o(.text.main) refers to lcd.o(.text.LCD_Clear) for LCD_Clear
    main.o(.text.main) refers to tim.o(.bss.htim16) for htim16
    main.o(.text.main) refers to stm32g4xx_hal_tim.o(.text.HAL_TIM_Base_Start_IT) for HAL_TIM_Base_Start_IT
    main.o(.text.main) refers to tim.o(.bss.htim17) for htim17
    main.o(.text.main) refers to tim.o(.bss.htim2) for htim2
    main.o(.text.main) refers to stm32g4xx_hal_tim.o(.text.HAL_TIM_IC_Start_IT) for HAL_TIM_IC_Start_IT
    main.o(.text.main) refers to fun.o(.text.fun_led) for fun_led
    main.o(.text.main) refers to fun.o(.text.adc_proc) for adc_proc
    main.o(.text.main) refers to stm32g4xx_hal.o(.text.HAL_GetTick) for HAL_GetTick
    main.o(.text.main) refers to fun.o(.text.fun_lcd) for fun_lcd
    main.o(.ARM.exidx.text.main) refers to main.o(.text.main) for [Anonymous Symbol]
    main.o(.text.SystemClock_Config) refers to stm32g4xx_hal_pwr_ex.o(.text.HAL_PWREx_ControlVoltageScaling) for HAL_PWREx_ControlVoltageScaling
    main.o(.text.SystemClock_Config) refers to stm32g4xx_hal_rcc.o(.text.HAL_RCC_OscConfig) for HAL_RCC_OscConfig
    main.o(.text.SystemClock_Config) refers to stm32g4xx_hal_rcc.o(.text.HAL_RCC_ClockConfig) for HAL_RCC_ClockConfig
    main.o(.ARM.exidx.text.SystemClock_Config) refers to main.o(.text.SystemClock_Config) for [Anonymous Symbol]
[...]
    ../clib/printf.c                         0x00000000   Number         0  __printf_flags_ss_wp.o ABSOLUTE
    ../clib/printf.c                         0x00000000   Number         0  _printf_intcommon.o ABSOLUTE
    ../clib/printf.c                         0x00000000   Number         0  _printf_char_common.o ABSOLUTE
    ../clib/printf.c                         0x00000000   Number         0  _sputc.o ABSOLUTE
    ../clib/printf.c                         0x00000000   Number         0  __printf_nopercent.o ABSOLUTE
    ../clib/printf_percent.s                 0x00000000   Number         0  _printf_d.o ABSOLUTE
    ../clib/printf_percent.s                 0x00000000   Number         0  _printf_percent.o ABSOLUTE
    ../clib/printf_percent.s                 0x00000000   Number         0  _printf_percent_end.o ABSOLUTE
    ../clib/signal.c                         0x00000000   Number         0  defsig_rtmem_outer.o ABSOLUTE
    ../clib/signal.c                         0x00000000   Number         0  defsig_rtmem_formal.o ABSOLUTE
    ../clib/signal.c                         0x00000000   Number         0  defsig_exit.o ABSOLUTE
    ../clib/signal.c                         0x00000000   Number         0  defsig_rtmem_inner.o ABSOLUTE
    ../clib/signal.c                         0x00000000   Number         0  __raise.o ABSOLUTE
    ../clib/signal.c                         0x00000000   Number         0  defsig_general.o ABSOLUTE
    ../clib/signal.c                         0x00000000   Number         0  defsig_abrt_inner.o ABSOLUTE
    ../clib/signal.c                         0x00000000   Number         0  defsig_fpe_inner.o ABSOLUTE
    ../clib/signal.c                         0x00000000   Number         0  defsig_rtred_inner.o ABSOLUTE
    ../clib/signal.c                         0x00000000   Number         0  defsig_stak_inner.o ABSOLUTE
    ../clib/signal.c                         0x00000000   Number         0  defsig_pvfn_inner.o ABSOLUTE
    ../clib/signal.c                         0x00000000   Number         0  defsig_cppl_inner.o ABSOLUTE
    ../clib/signal.c                         0x00000000   Number         0  defsig_segv_inner.o ABSOLUTE
    ../clib/signal.c                         0x00000000   Number         0  defsig_other.o ABSOLUTE
    ../clib/signal.s                         0x00000000   Number         0  defsig.o ABSOLUTE
    ../clib/stdlib.c                         0x00000000   Number         0  exit.o ABSOLUTE
    ../fplib/d2f.s                           0x00000000   Number         0  d2f.o ABSOLUTE
    ../fplib/dmul.s                          0x00000000   Number         0  dmul.o ABSOLUTE
    ../fplib/dnaninf.s                       0x00000000   Number         0  dnaninf.o ABSOLUTE
    ../fplib/dretinf.s                       0x00000000   Number         0  dretinf.o ABSOLUTE
    ../fplib/f2d.s                           0x00000000   Number         0  f2d.o ABSOLUTE
    ../fplib/fnaninf.s                       0x00000000   Number         0  fnaninf.o ABSOLUTE
    ../fplib/fpinit.s                        0x00000000   Number         0  fpinit.o ABSOLUTE
    ../fplib/fretinf.s                       0x00000000   Number         0  fretinf.o ABSOLUTE
    ../fplib/usenofp.s                       0x00000000   Number         0  usenofp.o ABSOLUTE
    adc.c                                    0x00000000   Number         0  adc.o ABSOLUTE
    dc.s                                     0x00000000   Number         0  dc.o ABSOLUTE
    fun.c                                    0x00000000   Number         0  fun.o ABSOLUTE
    gpio.c                                   0x00000000   Number         0  gpio.o ABSOLUTE
    key.c                                    0x00000000   Number         0  key.o ABSOLUTE
    lcd.c                                    0x00000000   Number         0  lcd.o ABSOLUTE
    led.c                                    0x00000000   Number         0  led.o ABSOLUTE
    main.c                                   0x00000000   Number         0  main.o ABSOLUTE
    startup_stm32g431xx.s                    0x00000000   Number         0  startup_stm32g431xx.o ABSOLUTE
    stm32g4xx_hal.c                          0x00000000   Number         0  stm32g4xx_hal.o ABSOLUTE
    stm32g4xx_hal_adc.c                      0x00000000   Number         0  stm32g4xx_hal_adc.o ABSOLUTE
    stm32g4xx_hal_adc_ex.c                   0x00000000   Number         0  stm32g4xx_hal_adc_ex.o ABSOLUTE
    stm32g4xx_hal_cortex.c                   0x00000000   Number         0  stm32g4xx_hal_cortex.o ABSOLUTE
    stm32g4xx_hal_dma.c                      0x00000000   Number         0  stm32g4xx_hal_dma.o ABSOLUTE
    stm32g4xx_hal_dma_ex.c                   0x00000000   Number         0  stm32g4xx_hal_dma_ex.o ABSOLUTE
    stm32g4xx_hal_exti.c                     0x00000000   Number         0  stm32g4xx_hal_exti.o ABSOLUTE
    stm32g4xx_hal_flash.c                    0x00000000   Number         0  stm32g4xx_hal_flash.o ABSOLUTE
    stm32g4xx_hal_flash_ex.c                 0x00000000   Number         0  stm32g4xx_hal_flash_ex.o ABSOLUTE
    stm32g4xx_hal_flash_ramfunc.c            0x00000000   Number         0  stm32g4xx_hal_flash_ramfunc.o ABSOLUTE
    stm32g4xx_hal_gpio.c                     0x00000000   Number         0  stm32g4xx_hal_gpio.o ABSOLUTE
    stm32g4xx_hal_msp.c                      0x00000000   Number         0  stm32g4xx_hal_msp.o ABSOLUTE
    stm32g4xx_hal_pwr.c                      0x00000000   Number         0  stm32g4xx_hal_pwr.o ABSOLUTE
    stm32g4xx_hal_pwr_ex.c                   0x00000000   Number         0  stm32g4xx_hal_pwr_ex.o ABSOLUTE
    stm32g4xx_hal_rcc.c                      0x00000000   Number         0  stm32g4xx_hal_rcc.o ABSOLUTE
    stm32g4xx_hal_rcc_ex.c                   0x00000000   Number         0  stm32g4xx_hal_rcc_ex.o ABSOLUTE
    stm32g4xx_hal_tim.c                      0x00000000   Number         0  stm32g4xx_hal_tim.o ABSOLUTE
    stm32g4xx_hal_tim_ex.c                   0x00000000   Number         0  stm32g4xx_hal_tim_ex.o ABSOLUTE
    stm32g4xx_it.c                           0x00000000   Number         0  stm32g4xx_it.o ABSOLUTE
    stm32g4xx_ll_adc.c                       0x00000000   Number         0  stm32g4xx_ll_adc.o ABSOLUTE
    system_stm32g4xx.c                       0x00000000   Number         0  system_stm32g4xx.o ABSOLUTE
    tim.c                                    0x00000000   Number         0  tim.o ABSOLUTE
    RESET                                    0x08000000   Section      472  startup_stm32g431xx.o(RESET)
    !!!main                                  0x080001d8   Section        8  __main.o(!!!main)
    !!!scatter                               0x080001e0   Section       52  __scatter.o(!!!scatter)
    !!handler_copy                           0x08000214   Section       26  __scatter_copy.o(!!handler_copy)
    !!handler_zi                             0x08000230   Section       28  __scatter_zi.o(!!handler_zi)
    .ARM.Collect$$_printf_percent$$00000000  0x0800024c   Section        0  _printf_percent.o(.ARM.Collect$$_printf_percent$$00000000)
    .ARM.Collect$$_printf_percent$$00000009  0x0800024c   Section        6  _printf_d.o(.ARM.Collect$$_printf_percent$$00000009)
    .ARM.Collect$$_printf_percent$$00000017  0x08000252   Section        4  _printf_percent_end.o(.ARM.Collect$$_printf_percent$$00000017)
    .ARM.Collect$$libinit$$00000000          0x08000256   Section        2  libinit.o(.ARM.Collect$$libinit$$00000000)
    .ARM.Collect$$libinit$$00000001          0x08000258   Section        4  libinit2.o(.ARM.Collect$$libinit$$00000001)
    .ARM.Collect$$libinit$$00000004          0x0800025c   Section        0  libinit2.o(.ARM.Collect$$libinit$$00000004)
    .ARM.Collect$$libinit$$00000006          0x0800025c   Section        0  libinit2.o(.ARM.Collect$$libinit$$00000006)
    .ARM.Collect$$libinit$$0000000C          0x0800025c   Section        0  libinit2.o(.ARM.Collect$$libinit$$0000000C)
    .ARM.Collect$$libinit$$0000000E          0x0800025c   Section        0  libinit2.o(.ARM.Collect$$libinit$$0000000E)
    .ARM.Collect$$libinit$$00000010          0x0800025c   Section        0  libinit2.o(.ARM.Collect$$libinit$$00000010)
    .ARM.Collect$$libinit$$00000013          0x0800025c   Section        0  libinit2.o(.ARM.Collect$$libinit$$00000013)
    .ARM.Collect$$libinit$$00000015          0x0800025c   Section        0  libinit2.o(.ARM.Collect$$libinit$$00000015)
    .ARM.Collect$$libinit$$00000017          0x0800025c   Section        0  libinit2.o(.ARM.Collect$$libinit$$00000017)
    .ARM.Collect$$libinit$$00000019          0x0800025c   Section        0  libinit2.o(.ARM.Collect$$libinit$$00000019)
    .ARM.Collect$$libinit$$0000001B          0x0800025c   Section        0  libinit2.o(.ARM.Collect$$libinit$$0000001B)
    .ARM.Collect$$libinit$$0000001D          0x0800025c   Section        0  libinit2.o(.ARM.Collect$$libinit$$0000001D)
    .ARM.Collect$$libinit$$0000001F          0x0800025c   Section        0  libinit2.o(.ARM.Collect$$libinit$$0000001F)
    .ARM.Collect$$libinit$$00000021          0x0800025c   Section        0  libinit2.o(.ARM.Collect$$libinit$$00000021)
    .ARM.Collect$$libinit$$00000023          0x0800025c   Section        0  libinit2.o(.ARM.Collect$$libinit$$00000023)
    .ARM.Collect$$libinit$$00000025          0x0800025c   Section        0  libinit2.o(.ARM.Collect$$libinit$$00000025)
    .ARM.Collect$$libinit$$00000027          0x0800025c   Section        0  libinit2.o(.ARM.Collect$$libinit$$00000027)
    .ARM.Collect$$libinit$$0000002E          0x0800025c   Section        0  libinit2.o(.ARM.Collect$$libinit$$0000002E)
    .ARM.Collect$$libinit$$00000030          0x0800025c   Section        0  libinit2.o(.ARM.Collect$$libinit$$00000030)
    .ARM.Collect$$libinit$$00000032          0x0800025c   Section        0  libinit2.o(.ARM.Collect$$libinit$$00000032)
    .ARM.Collect$$libinit$$00000034          0x0800025c   Section        0  libinit2.o(.ARM.Collect$$libinit$$00000034)
    .ARM.Collect$$libinit$$00000035          0x0800025c   Section        2  libinit2.o(.ARM.Collect$$libinit$$00000035)
    .ARM.Collect$$libshutdown$$00000000      0x0800025e   Section        2  libshutdown.o(.ARM.Collect$$libshutdown$$00000000)
    .ARM.Collect$$libshutdown$$00000002      0x08000260   Section        0  libshutdown2.o(.ARM.Collect$$libshutdown$$00000002)
    .ARM.Collect$$libshutdown$$00000004      0x08000260   Section        0  libshutdown2.o(.ARM.Collect$$libshutdown$$00000004)
    .ARM.Collect$$libshutdown$$00000007      0x08000260   Section        0  libshutdown2.o(.ARM.Collect$$libshutdown$$00000007)
    .ARM.Collect$$libshutdown$$0000000A      0x08000260   Section        0  libshutdown2.o(.ARM.Collect$$libshutdown$$0000000A)
    .ARM.Collect$$libshutdown$$0000000C      0x08000260   Section        0  libshutdown2.o(.ARM.Collect$$libshutdown$$0000000C)
    .ARM.Collect$$libshutdown$$0000000F      0x08000260   Section        0  libshutdown2.o(.ARM.Collect$$libshutdown$$0000000F)
    .ARM.Collect$$libshutdown$$00000010      0x08000260   Section        2  libshutdown2.o(.ARM.Collect$$libshutdown$$00000010)
    .ARM.Collect$$rtentry$$00000000          0x08000262   Section        0  __rtentry.o(.ARM.Collect$$rtentry$$00000000)
    .ARM.Collect$$rtentry$$00000002          0x08000262   Section        0  __rtentry2.o(.ARM.Collect$$rtentry$$00000002)
    .ARM.Collect$$rtentry$$00000004          0x08000262   Section        6  __rtentry4.o(.ARM.Collect$$rtentry$$00000004)
    .ARM.Collect$$rtentry$$00000009          0x08000268   Section        0  __rtentry2.o(.ARM.Collect$$rtentry$$00000009)
    .ARM.Collect$$rtentry$$0000000A          0x08000268   Section        4  __rtentry2.o(.ARM.Collect$$rtentry$$0000000A)
    .ARM.Collect$$rtentry$$0000000C          0x0800026c   Section        0  __rtentry2.o(.ARM.Collect$$rtentry$$0000000C)
    .ARM.Collect$$rtentry$$0000000D          0x0800026c   Section        8  __rtentry2.o(.ARM.Collect$$rtentry$$0000000D)
    .ARM.Collect$$rtexit$$00000000           0x08000274   Section        2  rtexit.o(.ARM.Collect$$rtexit$$00000000)
    .ARM.Collect$$rtexit$$00000002           0x08000276   Section        0  rtexit2.o(.ARM.Collect$$rtexit$$00000002)
    .ARM.Collect$$rtexit$$00000003           0x08000276   Section        4  rtexit2.o(.ARM.Collect$$rtexit$$00000003)
    .ARM.Collect$$rtexit$$00000004           0x0800027a   Section        6  rtexit2.o(.ARM.Collect$$rtexit$$00000004)
    $v0                                      0x08000280   Number         0  startup_stm32g431xx.o(.text)
    .text                                    0x08000280   Section       64  startup_stm32g431xx.o(.text)
    .text                                    0x080002c0   Section        0  noretval__2sprintf.o(.text)
    .text                                    0x080002e8   Section        0  _printf_pad.o(.text)
    .text                                    0x08000338   Section        0  _printf_dec.o(.text)
    .text                                    0x080003b0   Section        0  __printf_flags_wp.o(.text)
    .text                                    0x080004e8   Section       78  rt_memclr_w.o(.text)
    .text                                    0x08000536   Section        0  heapauxi.o(.text)
    .text                                    0x0800053c   Section        0  _printf_intcommon.o(.text)
    _printf_input_char                       0x080005f1   Thumb Code    10  _printf_char_common.o(.text)
    .text                                    0x080005f0   Section        0  _printf_char_common.o(.text)
    .text                                    0x08000620   Section        0  _sputc.o(.text)
    .text                                    0x0800062a   Section       74  sys_stackheap_outer.o(.text)
    .text                                    0x08000674   Section        0  exit.o(.text)
    .text                                    0x08000688   Section        8  libspace.o(.text)
    .text                                    0x08000690   Section        0  sys_exit.o(.text)
    .text                                    0x0800069c   Section        2  use_no_semi.o(.text)
    .text                                    0x0800069e   Section        0  indicate_semi.o(.text)
    [Anonymous Symbol]                       0x080006a0   Section        0  stm32g4xx_it.o(.text.BusFault_Handler)
    [Anonymous Symbol]                       0x080006a4   Section        0  stm32g4xx_it.o(.text.DebugMon_Handler)
    [Anonymous Symbol]                       0x080006a8   Section        0  main.o(.text.Error_Handler)
    [Anonymous Symbol]                       0x080006b4   Section        0  stm32g4xx_hal_adc_ex.o(.text.HAL_ADCEx_MultiModeConfigChannel)
    [Anonymous Symbol]                       0x08000774   Section        0  stm32g4xx_hal_adc.o(.text.HAL_ADC_ConfigChannel)
    [Anonymous Symbol]                       0x08000b20   Section        0  stm32g4xx_hal_adc.o(.text.HAL_ADC_GetValue)
    [Anonymous Symbol]                       0x08000b28   Section        0  stm32g4xx_hal_adc.o(.text.HAL_ADC_Init)
    [Anonymous Symbol]                       0x08000d70   Section        0  adc.o(.text.HAL_ADC_MspInit)
    [Anonymous Symbol]                       0x08000e74   Section        0  stm32g4xx_hal_adc.o(.text.HAL_ADC_Start)
    [Anonymous Symbol]                       0x08000fc8   Section        0  stm32g4xx_hal.o(.text.HAL_Delay)
    [Anonymous Symbol]                       0x08000ff0   Section        0  stm32g4xx_hal_gpio.o(.text.HAL_GPIO_Init)
    [Anonymous Symbol]                       0x0800119c   Section        0  stm32g4xx_hal_gpio.o(.text.HAL_GPIO_ReadPin)
    [Anonymous Symbol]                       0x080011a8   Section        0  stm32g4xx_hal_gpio.o(.text.HAL_GPIO_WritePin)
    [Anonymous Symbol]                       0x080011b4   Section        0  stm32g4xx_hal.o(.text.HAL_GetTick)
    [Anonymous Symbol]                       0x080011c0   Section        0  stm32g4xx_hal.o(.text.HAL_IncTick)
    [Anonymous Symbol]                       0x080011dc   Section        0  stm32g4xx_hal.o(.text.HAL_Init)
    [Anonymous Symbol]                       0x080011fc   Section        0  stm32g4xx_hal.o(.text.HAL_InitTick)
    [Anonymous Symbol]                       0x08001248   Section        0  stm32g4xx_hal_msp.o(.text.HAL_MspInit)
    [Anonymous Symbol]                       0x0800127c   Section        0  stm32g4xx_hal_cortex.o(.text.HAL_NVIC_EnableIRQ)
    [Anonymous Symbol]                       0x080012a4   Section        0  stm32g4xx_hal_cortex.o(.text.HAL_NVIC_SetPriority)
    [Anonymous Symbol]                       0x080012fc   Section        0  stm32g4xx_hal_cortex.o(.text.HAL_NVIC_SetPriorityGrouping)
    [Anonymous Symbol]                       0x0800131c   Section        0  stm32g4xx_hal_pwr_ex.o(.text.HAL_PWREx_ControlVoltageScaling)
    [Anonymous Symbol]                       0x08001444   Section        0  stm32g4xx_hal_pwr_ex.o(.text.HAL_PWREx_DisableUCPDDeadBattery)
    [Anonymous Symbol]                       0x08001458   Section        0  stm32g4xx_hal_rcc_ex.o(.text.HAL_RCCEx_PeriphCLKConfig)
    [Anonymous Symbol]                       0x080016c4   Section        0  stm32g4xx_hal_rcc.o(.text.HAL_RCC_ClockConfig)
    [Anonymous Symbol]                       0x080019d8   Section        0  stm32g4xx_hal_rcc.o(.text.HAL_RCC_OscConfig)
    [Anonymous Symbol]                       0x08001e88   Section        0  stm32g4xx_hal_cortex.o(.text.HAL_SYSTICK_Config)
    [Anonymous Symbol]                       0x08001eb4   Section        0  stm32g4xx_hal_tim_ex.o(.text.HAL_TIMEx_Break2Callback)
    [Anonymous Symbol]                       0x08001eb8   Section        0  stm32g4xx_hal_tim_ex.o(.text.HAL_TIMEx_BreakCallback)
    [Anonymous Symbol]                       0x08001ebc   Section        0  stm32g4xx_hal_tim_ex.o(.text.HAL_TIMEx_CommutCallback)
    [Anonymous Symbol]                       0x08001ec0   Section        0  stm32g4xx_hal_tim_ex.o(.text.HAL_TIMEx_DirectionChangeCallback)
    [Anonymous Symbol]                       0x08001ec4   Section        0  stm32g4xx_hal_tim_ex.o(.text.HAL_TIMEx_EncoderIndexCallback)
    [Anonymous Symbol]                       0x08001ec8   Section        0  stm32g4xx_hal_tim_ex.o(.text.HAL_TIMEx_IndexErrorCallback)
    [Anonymous Symbol]                       0x08001ecc   Section        0  stm32g4xx_hal_tim_ex.o(.text.HAL_TIMEx_MasterConfigSynchronization)
    [Anonymous Symbol]                       0x08001f70   Section        0  stm32g4xx_hal_tim_ex.o(.text.HAL_TIMEx_TransitionErrorCallback)
    [Anonymous Symbol]                       0x08001f74   Section        0  stm32g4xx_hal_tim.o(.text.HAL_TIM_Base_Init)
    [Anonymous Symbol]                       0x08001fd8   Section        0  tim.o(.text.HAL_TIM_Base_MspInit)
    [Anonymous Symbol]                       0x0800204c   Section        0  stm32g4xx_hal_tim.o(.text.HAL_TIM_Base_Start_IT)
    [Anonymous Symbol]                       0x080020e0   Section        0  fun.o(.text.HAL_TIM_IC_CaptureCallback)
    [Anonymous Symbol]                       0x08002110   Section        0  stm32g4xx_hal_tim.o(.text.HAL_TIM_IC_ConfigChannel)
    [Anonymous Symbol]                       0x080022b4   Section        0  stm32g4xx_hal_tim.o(.text.HAL_TIM_IC_Init)
    [Anonymous Symbol]                       0x08002318   Section        0  tim.o(.text.HAL_TIM_IC_MspInit)
    [Anonymous Symbol]                       0x08002388   Section        0  stm32g4xx_hal_tim.o(.text.HAL_TIM_IC_Start_IT)
    [Anonymous Symbol]                       0x0800256c   Section        0  stm32g4xx_hal_tim.o(.text.HAL_TIM_IRQHandler)
    [Anonymous Symbol]                       0x0800277c   Section        0  stm32g4xx_hal_tim.o(.text.HAL_TIM_OC_DelayElapsedCallback)
    [Anonymous Symbol]                       0x08002780   Section        0  stm32g4xx_hal_tim.o(.text.HAL_TIM_PWM_ConfigChannel)
    [Anonymous Symbol]                       0x08002b50   Section        0  stm32g4xx_hal_tim.o(.text.HAL_TIM_PWM_Init)
    [Anonymous Symbol]                       0x08002bb4   Section        0  tim.o(.text.HAL_TIM_PWM_MspInit)
    [Anonymous Symbol]                       0x08002be8   Section        0  stm32g4xx_hal_tim.o(.text.HAL_TIM_PWM_PulseFinishedCallback)
    [Anonymous Symbol]                       0x08002bec   Section        0  fun.o(.text.HAL_TIM_PeriodElapsedCallback)
    [Anonymous Symbol]                       0x08002c28   Section        0  stm32g4xx_hal_tim.o(.text.HAL_TIM_TriggerCallback)
    [Anonymous Symbol]                       0x08002c2c   Section        0  stm32g4xx_it.o(.text.HardFault_Handler)
    [Anonymous Symbol]                       0x08002c30   Section        0  lcd.o(.text.LCD_Clear)
    [Anonymous Symbol]                       0x08002eb4   Section        0  lcd.o(.text.LCD_DisplayStringLine)
    [Anonymous Symbol]                       0x08002f00   Section        0  lcd.o(.text.LCD_DrawChar)
    [Anonymous Symbol]                       0x08003260   Section        0  lcd.o(.text.LCD_Init)
    [Anonymous Symbol]                       0x08003490   Section        0  lcd.o(.text.LCD_SetBackColor)
    [Anonymous Symbol]                       0x080034a8   Section        0  lcd.o(.text.LCD_SetTextColor)
    [Anonymous Symbol]                       0x080034c0   Section        0  adc.o(.text.MX_ADC1_Init)
    [Anonymous Symbol]                       0x0800356c   Section        0  adc.o(.text.MX_ADC2_Init)
    [Anonymous Symbol]                       0x080035f0   Section        0  gpio.o(.text.MX_GPIO_Init)
    [Anonymous Symbol]                       0x080036d8   Section        0  tim.o(.text.MX_TIM16_Init)
    [Anonymous Symbol]                       0x08003710   Section        0  tim.o(.text.MX_TIM17_Init)
    [Anonymous Symbol]                       0x08003748   Section        0  tim.o(.text.MX_TIM2_Init)
    [Anonymous Symbol]                       0x080037bc   Section        0  tim.o(.text.MX_TIM3_Init)
    [Anonymous Symbol]                       0x0800387c   Section        0  stm32g4xx_it.o(.text.MemManage_Handler)
    [Anonymous Symbol]                       0x08003880   Section        0  stm32g4xx_it.o(.text.NMI_Handler)
    [Anonymous Symbol]                       0x08003884   Section        0  stm32g4xx_it.o(.text.PendSV_Handler)
    [Anonymous Symbol]                       0x08003888   Section        0  lcd.o(.text.REG_8230_Init)
    [Anonymous Symbol]                       0x08004370   Section        0  lcd.o(.text.REG_932X_Init)
    [Anonymous Symbol]                       0x08005890   Section        0  stm32g4xx_it.o(.text.SVC_Handler)
    [Anonymous Symbol]                       0x08005894   Section        0  stm32g4xx_it.o(.text.SysTick_Handler)
    [Anonymous Symbol]                       0x08005898   Section        0  system_stm32g4xx.o(.text.SystemInit)
    [Anonymous Symbol]                       0x080058ac   Section        0  stm32g4xx_it.o(.text.TIM1_TRG_COM_TIM17_IRQHandler)
    [Anonymous Symbol]                       0x080058b8   Section        0  stm32g4xx_it.o(.text.TIM1_UP_TIM16_IRQHandler)
    [Anonymous Symbol]                       0x080058c4   Section        0  stm32g4xx_it.o(.text.TIM2_IRQHandler)
    [Anonymous Symbol]                       0x080058d0   Section        0  stm32g4xx_hal_tim.o(.text.TIM_Base_SetConfig)
    [Anonymous Symbol]                       0x080059dc   Section        0  stm32g4xx_it.o(.text.UsageFault_Handler)
    [Anonymous Symbol]                       0x080059e0   Section        0  fun.o(.text.adc_proc)
    [Anonymous Symbol]                       0x08005a90   Section        0  fun.o(.text.fun_lcd)
    [Anonymous Symbol]                       0x08005ee8   Section        0  fun.o(.text.fun_led)
    [Anonymous Symbol]                       0x08005f1c   Section        0  fun.o(.text.fun_mode)
    [Anonymous Symbol]                       0x08006000   Section        0  key.o(.text.key_tick)
    [Anonymous Symbol]                       0x08006178   Section        0  led.o(.text.led_show)
    [Anonymous Symbol]                       0x080061c8   Section        0  main.o(.text.main)
    i._is_digit                              0x080062ca   Section        0  __printf_wp.o(i._is_digit)
    $v0                                      0x080062d8   Number         0  d2f.o(x$fpl$d2f)
    x$fpl$d2f                                0x080062d8   Section       98  d2f.o(x$fpl$d2f)
    $v0                                      0x0800633c   Number         0  dmul.o(x$fpl$dmul)
    x$fpl$dmul                               0x0800633c   Section      340  dmul.o(x$fpl$dmul)
    $v0                                      0x08006490   Number         0  dnaninf.o(x$fpl$dnaninf)
    x$fpl$dnaninf                            0x08006490   Section      156  dnaninf.o(x$fpl$dnaninf)
    $v0                                      0x0800652c   Number         0  dretinf.o(x$fpl$dretinf)
    x$fpl$dretinf                            0x0800652c   Section       12  dretinf.o(x$fpl$dretinf)
    $v0                                      0x08006538   Number         0  f2d.o(x$fpl$f2d)
    x$fpl$f2d                                0x08006538   Section       86  f2d.o(x$fpl$f2d)
    $v0                                      0x0800658e   Number         0  fnaninf.o(x$fpl$fnaninf)
    x$fpl$fnaninf                            0x0800658e   Section      140  fnaninf.o(x$fpl$fnaninf)
    $v0                                      0x0800661a   Number         0  fpinit.o(x$fpl$fpinit)
    x$fpl$fpinit                             0x0800661a   Section       26  fpinit.o(x$fpl$fpinit)
    $v0                                      0x08006634   Number         0  fretinf.o(x$fpl$fretinf)
    x$fpl$fretinf                            0x08006634   Section       10  fretinf.o(x$fpl$fretinf)
    maptable                                 0x0800663e   Data          17  __printf_flags_wp.o(.constdata)
    .constdata                               0x0800663e   Section       17  __printf_flags_wp.o(.constdata)
    x$fpl$usenofp                            0x0800663e   Section        0  usenofp.o(x$fpl$usenofp)
    .Lswitch.table.HAL_TIM_IC_Start_IT       0x08007830   Data          16  stm32g4xx_hal_tim.o(.rodata.cst16)
    .Lswitch.table.HAL_TIM_IC_Stop_IT        0x08007840   Data          16  stm32g4xx_hal_tim.o(.rodata.cst16)
    .L.str.5                                 0x08007850   Data          29  fun.o(.rodata.str1.1)
    [Anonymous Symbol]                       0x08007850   Section        0  fun.o(.rodata.str1.1)
    .L.str.2                                 0x08007870   Data          17  fun.o(.rodata.str1.4)
    [Anonymous Symbol]                       0x08007870   Section        0  fun.o(.rodata.str1.4)
    .L.str.1                                 0x08007884   Data          17  fun.o(.rodata.str1.4)
    .L.str.7                                 0x08007898   Data          17  fun.o(.rodata.str1.4)
    .L.str.12                                0x080078ac   Data          17  fun.o(.rodata.str1.4)
    .L.str.4                                 0x080078c0   Data          23  fun.o(.rodata.str1.4)
    .L.str                                   0x080078d8   Data          21  fun.o(.rodata.str1.4)
    .L_MergedGlobals                         0x20000000   Data           8  stm32g4xx_hal.o(.data..L_MergedGlobals)
    [Anonymous Symbol]                       0x20000000   Section        0  stm32g4xx_hal.o(.data..L_MergedGlobals)
    BackColor                                0x20000008   Data           2  lcd.o(.data.BackColor)
    [Anonymous Symbol]                       0x20000008   Section        0  lcd.o(.data.BackColor)
    led_show.ledbuf                          0x20000010   Data           1  led.o(.data.led_show.ledbuf)
    [Anonymous Symbol]                       0x20000010   Section        0  led.o(.data.led_show.ledbuf)
    .bss                                     0x20000018   Section       96  libspace.o(.bss)
    .L_MergedGlobals                         0x20000078   Data          54  fun.o(.bss..L_MergedGlobals)
    [Anonymous Symbol]                       0x20000078   Section        0  fun.o(.bss..L_MergedGlobals)
    fun_lcd.last_lcd_mode                    0x2000007a   Data           1  fun.o(.bss..L_MergedGlobals)
    fun_lcd.last_lock_flag                   0x2000007b   Data           1  fun.o(.bss..L_MergedGlobals)
    fun_mode.index                           0x20000084   Data           4  fun.o(.bss..L_MergedGlobals)
    .L_MergedGlobals                         0x200000ae   Data          20  key.o(.bss..L_MergedGlobals)
    key_tick.key_state                       0x200000ae   Data           4  key.o(.bss..L_MergedGlobals)
    [Anonymous Symbol]                       0x200000ae   Section        0  key.o(.bss..L_MergedGlobals)
    key_tick.key_time                        0x200000ba   Data           8  key.o(.bss..L_MergedGlobals)
    HAL_RCC_ADC12_CLK_ENABLED                0x200000c4   Data           4  adc.o(.bss.HAL_RCC_ADC12_CLK_ENABLED)
    [Anonymous Symbol]                       0x200000c4   Section        0  adc.o(.bss.HAL_RCC_ADC12_CLK_ENABLED)
    TextColor                                0x200000c8   Data           2  lcd.o(.bss.TextColor)
    [Anonymous Symbol]                       0x200000c8   Section        0  lcd.o(.bss.TextColor)
    Heap_Mem                                 0x200002d8   Data         512  startup_stm32g431xx.o(HEAP)
    HEAP                                     0x200002d8   Section      512  startup_stm32g431xx.o(HEAP)
    Stack_Mem                                0x200004d8   Data        1024  startup_stm32g431xx.o(STACK)
    STACK                                    0x200004d8   Section     1024  startup_stm32g431xx.o(STACK)
    __initial_sp                             0x200008d8   Data           0  startup_stm32g431xx.o(STACK)

    Global Symbols

    Symbol Name                              Value     Ov Type        Size  Object(Section)

    BuildAttributes$$THM_ISAv4$E$P$D$K$B$S$7EM$VFPi3$EXTD16$VFPS$VFMA$PE$A:L22UL41UL21$X:L11$S22US41US21$IEEE1$IW$~IW$USESV6$~STKCKD$USESV7$~SHL$OTIME$ROPI$EBA8$UX$STANDARDLIB$REQ8$PRES8$EABIv2 0x00000000   Number         0  anon$$obj.o ABSOLUTE
    _printf_flags                            0x00000000   Number         0  printf_stubs.o ABSOLUTE
    _printf_return_value                     0x00000000   Number         0  printf_stubs.o ABSOLUTE
    _printf_sizespec                         0x00000000   Number         0  printf_stubs.o ABSOLUTE
    _printf_widthprec                        0x00000000   Number         0  printf_stubs.o ABSOLUTE
    __ARM_exceptions_init                     - Undefined Weak Reference
    __alloca_initialize                       - Undefined Weak Reference
    __arm_preinit_                            - Undefined Weak Reference
    __arm_relocate_pie_                       - Undefined Weak Reference
    __cpp_initialize__aeabi_                  - Undefined Weak Reference
    __cxa_finalize                            - Undefined Weak Reference
    __rt_locale                               - Undefined Weak Reference
    __sigvec_lookup                           - Undefined Weak Reference
    _atexit_init                              - Undefined Weak Reference
    _call_atexit_fns                          - Undefined Weak Reference
    _clock_init                               - Undefined Weak Reference
    _fp_trap_init                             - Undefined Weak Reference
    _fp_trap_shutdown                         - Undefined Weak Reference
    _get_lc_collate                           - Undefined Weak Reference
    _get_lc_ctype                             - Undefined Weak Reference
    _get_lc_monetary                          - Undefined Weak Reference
    _get_lc_numeric                           - Undefined Weak Reference
    _get_lc_time                              - Undefined Weak Reference
    _getenv_init                              - Undefined Weak Reference
    _handle_redirection                       - Undefined Weak Reference
    _init_alloc                               - Undefined Weak Reference
    _init_user_alloc                          - Undefined Weak Reference
    _initio                                   - Undefined Weak Reference
    _printf_truncate_signed                   - Undefined Weak Reference
    _printf_truncate_unsigned                 - Undefined Weak Reference
    _rand_init                                - Undefined Weak Reference
    _signal_finish                            - Undefined Weak Reference
    _signal_init                              - Undefined Weak Reference
    _terminate_alloc                          - Undefined Weak Reference
    _terminate_user_alloc                     - Undefined Weak Reference
    _terminateio                              - Undefined Weak Reference
    __Vectors_Size                           0x000001d8   Number         0  startup_stm32g431xx.o ABSOLUTE
    __Vectors                                0x08000000   Data           4  startup_stm32g431xx.o(RESET)
    __Vectors_End                            0x080001d8   Data           0  startup_stm32g431xx.o(RESET)
    __main                                   0x080001d9   Thumb Code     8  __main.o(!!!main)
    __scatterload                            0x080001e1   Thumb Code     0  __scatter.o(!!!scatter)
    __scatterload_rt2                        0x080001e1   Thumb Code    44  __scatter.o(!!!scatter)
    __scatterload_rt2_thumb_only             0x080001e1   Thumb Code     0  __scatter.o(!!!scatter)
    __scatterload_null                       0x080001ef   Thumb Code     0  __scatter.o(!!!scatter)
    __scatterload_copy                       0x08000215   Thumb Code    26  __scatter_copy.o(!!handler_copy)
    __scatterload_zeroinit                   0x08000231   Thumb Code    28  __scatter_zi.o(!!handler_zi)
    _printf_d                                0x0800024d   Thumb Code     0  _printf_d.o(.ARM.Collect$$_printf_percent$$00000009)
    _printf_percent                          0x0800024d   Thumb Code     0  _printf_percent.o(.ARM.Collect$$_printf_percent$$00000000)
    _printf_percent_end                      0x08000253   Thumb Code     0  _printf_percent_end.o(.ARM.Collect$$_printf_percent$$00000017)
    __rt_lib_init                            0x08000257   Thumb Code     0  libinit.o(.ARM.Collect$$libinit$$00000000)
    __rt_lib_init_fp_1                       0x08000259   Thumb Code     0  libinit2.o(.ARM.Collect$$libinit$$00000001)
    __rt_lib_init_alloca_1                   0x0800025d   Thumb Code     0  libinit2.o(.ARM.Collect$$libinit$$00000030)
    __rt_lib_init_argv_1                     0x0800025d   Thumb Code     0  libinit2.o(.ARM.Collect$$libinit$$0000002E)
    __rt_lib_init_atexit_1                   0x0800025d   Thumb Code     0  libinit2.o(.ARM.Collect$$libinit$$0000001D)
    __rt_lib_init_clock_1                    0x0800025d   Thumb Code     0  libinit2.o(.ARM.Collect$$libinit$$00000023)
    __rt_lib_init_cpp_1                      0x0800025d   Thumb Code     0  libinit2.o(.ARM.Collect$$libinit$$00000034)
    __rt_lib_init_exceptions_1               0x0800025d   Thumb Code     0  libinit2.o(.ARM.Collect$$libinit$$00000032)
    __rt_lib_init_fp_trap_1                  0x0800025d   Thumb Code     0  libinit2.o(.ARM.Collect$$libinit$$00000021)
    __rt_lib_init_getenv_1                   0x0800025d   Thumb Code     0  libinit2.o(.ARM.Collect$$libinit$$00000025)
    __rt_lib_init_heap_1                     0x0800025d   Thumb Code     0  libinit2.o(.ARM.Collect$$libinit$$0000000C)
    __rt_lib_init_lc_collate_1               0x0800025d   Thumb Code     0  libinit2.o(.ARM.Collect$$libinit$$00000013)
    __rt_lib_init_lc_ctype_1                 0x0800025d   Thumb Code     0  libinit2.o(.ARM.Collect$$libinit$$00000015)
    __rt_lib_init_lc_monetary_1              0x0800025d   Thumb Code     0  libinit2.o(.ARM.Collect$$libinit$$00000017)
    __rt_lib_init_lc_numeric_1               0x0800025d   Thumb Code     0  libinit2.o(.ARM.Collect$$libinit$$00000019)
    __rt_lib_init_lc_time_1                  0x0800025d   Thumb Code     0  libinit2.o(.ARM.Collect$$libinit$$0000001B)
    __rt_lib_init_preinit_1                  0x0800025d   Thumb Code     0  libinit2.o(.ARM.Collect$$libinit$$00000006)
    __rt_lib_init_rand_1                     0x0800025d   Thumb Code     0  libinit2.o(.ARM.Collect$$libinit$$00000010)
    __rt_lib_init_relocate_pie_1             0x0800025d   Thumb Code     0  libinit2.o(.ARM.Collect$$libinit$$00000004)
    __rt_lib_init_return                     0x0800025d   Thumb Code     0  libinit2.o(.ARM.Collect$$libinit$$00000035)
    __rt_lib_init_signal_1                   0x0800025d   Thumb Code     0  libinit2.o(.ARM.Collect$$libinit$$0000001F)
    __rt_lib_init_stdio_1                    0x0800025d   Thumb Code     0  libinit2.o(.ARM.Collect$$libinit$$00000027)
    __rt_lib_init_user_alloc_1               0x0800025d   Thumb Code     0  libinit2.o(.ARM.Collect$$libinit$$0000000E)
    __rt_lib_shutdown                        0x0800025f   Thumb Code     0  libshutdown.o(.ARM.Collect$$libshutdown$$00000000)
    __rt_lib_shutdown_cpp_1                  0x08000261   Thumb Code     0  libshutdown2.o(.ARM.Collect$$libshutdown$$00000002)
    __rt_lib_shutdown_fp_trap_1              0x08000261   Thumb Code     0  libshutdown2.o(.ARM.Collect$$libshutdown$$00000007)
    __rt_lib_shutdown_heap_1                 0x08000261   Thumb Code     0  libshutdown2.o(.ARM.Collect$$libshutdown$$0000000F)
    __rt_lib_shutdown_return                 0x08000261   Thumb Code     0  libshutdown2.o(.ARM.Collect$$libshutdown$$00000010)
    __rt_lib_shutdown_signal_1               0x08000261   Thumb Code     0  libshutdown2.o(.ARM.Collect$$libshutdown$$0000000A)
    __rt_lib_shutdown_stdio_1                0x08000261   Thumb Code     0  libshutdown2.o(.ARM.Collect$$libshutdown$$00000004)
    __rt_lib_shutdown_user_alloc_1           0x08000261   Thumb Code     0  libshutdown2.o(.ARM.Collect$$libshutdown$$0000000C)
    __rt_entry                               0x08000263   Thumb Code     0  __rtentry.o(.ARM.Collect$$rtentry$$00000000)
    __rt_entry_presh_1                       0x08000263   Thumb Code     0  __rtentry2.o(.ARM.Collect$$rtentry$$00000002)
    __rt_entry_sh                            0x08000263   Thumb Code     0  __rtentry4.o(.ARM.Collect$$rtentry$$00000004)
    __rt_entry_li                            0x08000269   Thumb Code     0  __rtentry2.o(.ARM.Collect$$rtentry$$0000000A)
    __rt_entry_postsh_1                      0x08000269   Thumb Code     0  __rtentry2.o(.ARM.Collect$$rtentry$$00000009)
    __rt_entry_main                          0x0800026d   Thumb Code     0  __rtentry2.o(.ARM.Collect$$rtentry$$0000000D)
    __rt_entry_postli_1                      0x0800026d   Thumb Code     0  __rtentry2.o(.ARM.Collect$$rtentry$$0000000C)
    __rt_exit                                0x08000275   Thumb Code     0  rtexit.o(.ARM.Collect$$rtexit$$00000000)
    __rt_exit_ls                             0x08000277   Thumb Code     0  rtexit2.o(.ARM.Collect$$rtexit$$00000003)
    __rt_exit_prels_1                        0x08000277   Thumb Code     0  rtexit2.o(.ARM.Collect$$rtexit$$00000002)
    __rt_exit_exit                           0x0800027b   Thumb Code     0  rtexit2.o(.ARM.Collect$$rtexit$$00000004)
    Reset_Handler                            0x08000281   Thumb Code     8  startup_stm32g431xx.o(.text)
    ADC1_2_IRQHandler                        0x0800029b   Thumb Code     0  startup_stm32g431xx.o(.text)
    COMP1_2_3_IRQHandler                     0x0800029b   Thumb Code     0  startup_stm32g431xx.o(.text)
    COMP4_IRQHandler                         0x0800029b   Thumb Code     0  startup_stm32g431xx.o(.text)
    CORDIC_IRQHandler                        0x0800029b   Thumb Code     0  startup_stm32g431xx.o(.text)
    CRS_IRQHandler                           0x0800029b   Thumb Code     0  startup_stm32g431xx.o(.text)
    DMA1_Channel1_IRQHandler                 0x0800029b   Thumb Code     0  startup_stm32g431xx.o(.text)
    DMA1_Channel2_IRQHandler                 0x0800029b   Thumb Code     0  startup_stm32g431xx.o(.text)
    DMA1_Channel3_IRQHandler                 0x0800029b   Thumb Code     0  startup_stm32g431xx.o(.text)
    DMA1_Channel4_IRQHandler                 0x0800029b   Thumb Code     0  startup_stm32g431xx.o(.text)
    DMA1_Channel5_IRQHandler                 0x0800029b   Thumb Code     0  startup_stm32g431xx.o(.text)
    DMA1_Channel6_IRQHandler                 0x0800029b   Thumb Code     0  startup_stm32g431xx.o(.text)
    DMA2_Channel1_IRQHandler                 0x0800029b   Thumb Code     0  startup_stm32g431xx.o(.text)
    DMA2_Channel2_IRQHandler                 0x0800029b   Thumb Code     0  startup_stm32g431xx.o(.text)
    DMA2_Channel3_IRQHandler                 0x0800029b   Thumb Code     0  startup_stm32g431xx.o(.text)
    DMA2_Channel4_IRQHandler                 0x0800029b   Thumb Code     0  startup_stm32g431xx.o(.text)
    DMA2_Channel5_IRQHandler                 0x0800029b   Thumb Code     0  startup_stm32g431xx.o(.text)
    DMA2_Channel6_IRQHandler                 0x0800029b   Thumb Code     0  startup_stm32g431xx.o(.text)
    DMAMUX_OVR_IRQHandler                    0x0800029b   Thumb Code     0  startup_stm32g431xx.o(.text)
    EXTI0_IRQHandler                         0x0800029b   Thumb Code     0  startup_stm32g431xx.o(.text)
    EXTI15_10_IRQHandler                     0x0800029b   Thumb Code     0  startup_stm32g431xx.o(.text)
    EXTI1_IRQHandler                         0x0800029b   Thumb Code     0  startup_stm32g431xx.o(.text)
    EXTI2_IRQHandler                         0x0800029b   Thumb Code     0  startup_stm32g431xx.o(.text)
    EXTI3_IRQHandler                         0x0800029b   Thumb Code     0  startup_stm32g431xx.o(.text)
    EXTI4_IRQHandler                         0x0800029b   Thumb Code     0  startup_stm32g431xx.o(.text)
    EXTI9_5_IRQHandler                       0x0800029b   Thumb Code     0  startup_stm32g431xx.o(.text)
    FDCAN1_IT0_IRQHandler                    0x0800029b   Thumb Code     0  startup_stm32g431xx.o(.text)
    FDCAN1_IT1_IRQHandler                    0x0800029b   Thumb Code     0  startup_stm32g431xx.o(.text)
    FLASH_IRQHandler                         0x0800029b   Thumb Code     0  startup_stm32g431xx.o(.text)
    FMAC_IRQHandler                          0x0800029b   Thumb Code     0  startup_stm32g431xx.o(.text)
    FPU_IRQHandler                           0x0800029b   Thumb Code     0  startup_stm32g431xx.o(.text)
    I2C1_ER_IRQHandler                       0x0800029b   Thumb Code     0  startup_stm32g431xx.o(.text)
    I2C1_EV_IRQHandler                       0x0800029b   Thumb Code     0  startup_stm32g431xx.o(.text)
    I2C2_ER_IRQHandler                       0x0800029b   Thumb Code     0  startup_stm32g431xx.o(.text)
    I2C2_EV_IRQHandler                       0x0800029b   Thumb Code     0  startup_stm32g431xx.o(.text)
    I2C3_ER_IRQHandler                       0x0800029b   Thumb Code     0  startup_stm32g431xx.o(.text)
    I2C3_EV_IRQHandler                       0x0800029b   Thumb Code     0  startup_stm32g431xx.o(.text)
    LPTIM1_IRQHandler                        0x0800029b   Thumb Code     0  startup_stm32g431xx.o(.text)
    LPUART1_IRQHandler                       0x0800029b   Thumb Code     0  startup_stm32g431xx.o(.text)
    PVD_PVM_IRQHandler                       0x0800029b   Thumb Code     0  startup_stm32g431xx.o(.text)
    RCC_IRQHandler                           0x0800029b   Thumb Code     0  startup_stm32g431xx.o(.text)
    RNG_IRQHandler                           0x0800029b   Thumb Code     0  startup_stm32g431xx.o(.text)
    RTC_Alarm_IRQHandler                     0x0800029b   Thumb Code     0  startup_stm32g431xx.o(.text)
    RTC_TAMP_LSECSS_IRQHandler               0x0800029b   Thumb Code     0  startup_stm32g431xx.o(.text)
    RTC_WKUP_IRQHandler                      0x0800029b   Thumb Code     0  startup_stm32g431xx.o(.text)
    SAI1_IRQHandler                          0x0800029b   Thumb Code     0  startup_stm32g431xx.o(.text)
    SPI1_IRQHandler                          0x0800029b   Thumb Code     0  startup_stm32g431xx.o(.text)
    SPI2_IRQHandler                          0x0800029b   Thumb Code     0  startup_stm32g431xx.o(.text)
    SPI3_IRQHandler                          0x0800029b   Thumb Code     0  startup_stm32g431xx.o(.text)
    TIM1_BRK_TIM15_IRQHandler                0x0800029b   Thumb Code     0  startup_stm32g431xx.o(.text)
    TIM1_CC_IRQHandler                       0x0800029b   Thumb Code     0  startup_stm32g431xx.o(.text)
    TIM3_IRQHandler                          0x0800029b   Thumb Code     0  startup_stm32g431xx.o(.text)
    TIM4_IRQHandler                          0x0800029b   Thumb Code     0  startup_stm32g431xx.o(.text)
    TIM6_DAC_IRQHandler                      0x0800029b   Thumb Code     0  startup_stm32g431xx.o(.text)
    TIM7_IRQHandler                          0x0800029b   Thumb Code     0  startup_stm32g431xx.o(.text)
    TIM8_BRK_IRQHandler                      0x0800029b   Thumb Code     0  startup_stm32g431xx.o(.text)
    TIM8_CC_IRQHandler                       0x0800029b   Thumb Code     0  startup_stm32g431xx.o(.text)
    TIM8_TRG_COM_IRQHandler                  0x0800029b   Thumb Code     0  startup_stm32g431xx.o(.text)
    TIM8_UP_IRQHandler                       0x0800029b   Thumb Code     0  startup_stm32g431xx.o(.text)
    UART4_IRQHandler                         0x0800029b   Thumb Code     0  startup_stm32g431xx.o(.text)
    UCPD1_IRQHandler                         0x0800029b   Thumb Code     0  startup_stm32g431xx.o(.text)
    USART1_IRQHandler                        0x0800029b   Thumb Code     0  startup_stm32g431xx.o(.text)
    USART2_IRQHandler                        0x0800029b   Thumb Code     0  startup_stm32g431xx.o(.text)
    USART3_IRQHandler                        0x0800029b   Thumb Code     0  startup_stm32g431xx.o(.text)
    USBWakeUp_IRQHandler                     0x0800029b   Thumb Code     0  startup_stm32g431xx.o(.text)
    USB_HP_IRQHandler                        0x0800029b   Thumb Code     0  startup_stm32g431xx.o(.text)
    USB_LP_IRQHandler                        0x0800029b   Thumb Code     0  startup_stm32g431xx.o(.text)
    WWDG_IRQHandler                          0x0800029b   Thumb Code     0  startup_stm32g431xx.o(.text)
    __user_initial_stackheap                 0x0800029d   Thumb Code     0  startup_stm32g431xx.o(.text)
    __2sprintf                               0x080002c1   Thumb Code    34  noretval__2sprintf.o(.text)
    _printf_pre_padding                      0x080002e9   Thumb Code    44  _printf_pad.o(.text)
    _printf_post_padding                     0x08000315   Thumb Code    34  _printf_pad.o(.text)
    _printf_int_dec                          0x08000339   Thumb Code   104  _printf_dec.o(.text)
    __printf                                 0x080003b1   Thumb Code   308  __printf_flags_wp.o(.text)
    __aeabi_memclr4                          0x080004e9   Thumb Code     0  rt_memclr_w.o(.text)
    __aeabi_memclr8                          0x080004e9   Thumb Code     0  rt_memclr_w.o(.text)
    __rt_memclr_w                            0x080004e9   Thumb Code     0  rt_memclr_w.o(.text)
    _memset_w                                0x080004ed   Thumb Code    74  rt_memclr_w.o(.text)
    __use_two_region_memory                  0x08000537   Thumb Code     2  heapauxi.o(.text)
    __rt_heap_escrow$2region                 0x08000539   Thumb Code     2  heapauxi.o(.text)
    __rt_heap_expand$2region                 0x0800053b   Thumb Code     2  heapauxi.o(.text)
    _printf_int_common                       0x0800053d   Thumb Code   178  _printf_intcommon.o(.text)
    _printf_char_common                      0x080005fb   Thumb Code    32  _printf_char_common.o(.text)
    _sputc                                   0x08000621   Thumb Code    10  _sputc.o(.text)
    __user_setup_stackheap                   0x0800062b   Thumb Code    74  sys_stackheap_outer.o(.text)
    exit                                     0x08000675   Thumb Code    18  exit.o(.text)
    __user_libspace                          0x08000689   Thumb Code     8  libspace.o(.text)
    __user_perproc_libspace                  0x08000689   Thumb Code     0  libspace.o(.text)
    __user_perthread_libspace                0x08000689   Thumb Code     0  libspace.o(.text)
    _sys_exit                                0x08000691   Thumb Code     8  sys_exit.o(.text)
    __I$use$semihosting                      0x0800069d   Thumb Code     0  use_no_semi.o(.text)
    __use_no_semihosting_swi                 0x0800069d   Thumb Code     2  use_no_semi.o(.text)
    __semihosting_library_function           0x0800069f   Thumb Code     0  indicate_semi.o(.text)
    BusFault_Handler                         0x080006a1   Thumb Code     2  stm32g4xx_it.o(.text.BusFault_Handler)
    DebugMon_Handler                         0x080006a5   Thumb Code     2  stm32g4xx_it.o(.text.DebugMon_Handler)
    Error_Handler                            0x080006a9   Thumb Code    10  main.o(.text.Error_Handler)
    HAL_ADCEx_MultiModeConfigChannel         0x080006b5   Thumb Code   192  stm32g4xx_hal_adc_ex.o(.text.HAL_ADCEx_MultiModeConfigChannel)
    HAL_ADC_ConfigChannel                    0x08000775   Thumb Code   938  stm32g4xx_hal_adc.o(.text.HAL_ADC_ConfigChannel)
    HAL_ADC_GetValue                         0x08000b21   Thumb Code     6  stm32g4xx_hal_adc.o(.text.HAL_ADC_GetValue)
    HAL_ADC_Init                             0x08000b29   Thumb Code   584  stm32g4xx_hal_adc.o(.text.HAL_ADC_Init)
    HAL_ADC_MspInit                          0x08000d71   Thumb Code   258  adc.o(.text.HAL_ADC_MspInit)
    HAL_ADC_Start                            0x08000e75   Thumb Code   340  stm32g4xx_hal_adc.o(.text.HAL_ADC_Start)
    HAL_Delay                                0x08000fc9   Thumb Code    40  stm32g4xx_hal.o(.text.HAL_Delay)
    HAL_GPIO_Init                            0x08000ff1   Thumb Code   426  stm32g4xx_hal_gpio.o(.text.HAL_GPIO_Init)
    HAL_GPIO_ReadPin                         0x0800119d   Thumb Code    10  stm32g4xx_hal_gpio.o(.text.HAL_GPIO_ReadPin)
    HAL_GPIO_WritePin                        0x080011a9   Thumb Code    12  stm32g4xx_hal_gpio.o(.text.HAL_GPIO_WritePin)
    HAL_GetTick                              0x080011b5   Thumb Code    12  stm32g4xx_hal.o(.text.HAL_GetTick)
    HAL_IncTick                              0x080011c1   Thumb Code    26  stm32g4xx_hal.o(.text.HAL_IncTick)
    HAL_Init                                 0x080011dd   Thumb Code    30  stm32g4xx_hal.o(.text.HAL_Init)
    HAL_InitTick                             0x080011fd   Thumb Code    76  stm32g4xx_hal.o(.text.HAL_InitTick)
    HAL_MspInit                              0x08001249   Thumb Code    52  stm32g4xx_hal_msp.o(.text.HAL_MspInit)
    HAL_NVIC_EnableIRQ                       0x0800127d   Thumb Code    38  stm32g4xx_hal_cortex.o(.text.HAL_NVIC_EnableIRQ)
    HAL_NVIC_SetPriority                     0x080012a5   Thumb Code    86  stm32g4xx_hal_cortex.o(.text.HAL_NVIC_SetPriority)
    HAL_NVIC_SetPriorityGrouping             0x080012fd   Thumb Code    32  stm32g4xx_hal_cortex.o(.text.HAL_NVIC_SetPriorityGrouping)
    HAL_PWREx_ControlVoltageScaling          0x0800131d   Thumb Code   294  stm32g4xx_hal_pwr_ex.o(.text.HAL_PWREx_ControlVoltageScaling)
    HAL_PWREx_DisableUCPDDeadBattery         0x08001445   Thumb Code    18  stm32g4xx_hal_pwr_ex.o(.text.HAL_PWREx_DisableUCPDDeadBattery)
    HAL_RCCEx_PeriphCLKConfig                0x08001459   Thumb Code   618  stm32g4xx_hal_rcc_ex.o(.text.HAL_RCCEx_PeriphCLKConfig)
    HAL_RCC_ClockConfig                      0x080016c5   Thumb Code   788  stm32g4xx_hal_rcc.o(.text.HAL_RCC_ClockConfig)
    HAL_RCC_OscConfig                        0x080019d9   Thumb Code  1200  stm32g4xx_hal_rcc.o(.text.HAL_RCC_OscConfig)
    HAL_SYSTICK_Config                       0x08001e89   Thumb Code    44  stm32g4xx_hal_cortex.o(.text.HAL_SYSTICK_Config)
    HAL_TIMEx_Break2Callback                 0x08001eb5   Thumb Code     2  stm32g4xx_hal_tim_ex.o(.text.HAL_TIMEx_Break2Callback)
    HAL_TIMEx_BreakCallback                  0x08001eb9   Thumb Code     2  stm32g4xx_hal_tim_ex.o(.text.HAL_TIMEx_BreakCallback)
    HAL_TIMEx_CommutCallback                 0x08001ebd   Thumb Code     2  stm32g4xx_hal_tim_ex.o(.text.HAL_TIMEx_CommutCallback)
    HAL_TIMEx_DirectionChangeCallback        0x08001ec1   Thumb Code     2  stm32g4xx_hal_tim_ex.o(.text.HAL_TIMEx_DirectionChangeCallback)
    HAL_TIMEx_EncoderIndexCallback           0x08001ec5   Thumb Code     2  stm32g4xx_hal_tim_ex.o(.text.HAL_TIMEx_EncoderIndexCallback)
    HAL_TIMEx_IndexErrorCallback             0x08001ec9   Thumb Code     2  stm32g4xx_hal_tim_ex.o(.text.HAL_TIMEx_IndexErrorCallback)
    HAL_TIMEx_MasterConfigSynchronization    0x08001ecd   Thumb Code   162  stm32g4xx_hal_tim_ex.o(.text.HAL_TIMEx_MasterConfigSynchronization)
    HAL_TIMEx_TransitionErrorCallback        0x08001f71   Thumb Code     2  stm32g4xx_hal_tim_ex.o(.text.HAL_TIMEx_TransitionErrorCallback)
    HAL_TIM_Base_Init                        0x08001f75   Thumb Code    98  stm32g4xx_hal_tim.o(.text.HAL_TIM_Base_Init)
    HAL_TIM_Base_MspInit                     0x08001fd9   Thumb Code   116  tim.o(.text.HAL_TIM_Base_MspInit)
    HAL_TIM_Base_Start_IT                    0x0800204d   Thumb Code   146  stm32g4xx_hal_tim.o(.text.HAL_TIM_Base_Start_IT)
    HAL_TIM_IC_CaptureCallback               0x080020e1   Thumb Code    48  fun.o(.text.HAL_TIM_IC_CaptureCallback)
    HAL_TIM_IC_ConfigChannel                 0x08002111   Thumb Code   418  stm32g4xx_hal_tim.o(.text.HAL_TIM_IC_ConfigChannel)
    HAL_TIM_IC_Init                          0x080022b5   Thumb Code    98  stm32g4xx_hal_tim.o(.text.HAL_TIM_IC_Init)
    HAL_TIM_IC_MspInit                       0x08002319   Thumb Code   110  tim.o(.text.HAL_TIM_IC_MspInit)
    HAL_TIM_IC_Start_IT                      0x08002389   Thumb Code   482  stm32g4xx_hal_tim.o(.text.HAL_TIM_IC_Start_IT)
    HAL_TIM_IRQHandler                       0x0800256d   Thumb Code   528  stm32g4xx_hal_tim.o(.text.HAL_TIM_IRQHandler)
    HAL_TIM_OC_DelayElapsedCallback          0x0800277d   Thumb Code     2  stm32g4xx_hal_tim.o(.text.HAL_TIM_OC_DelayElapsedCallback)
    HAL_TIM_PWM_ConfigChannel                0x08002781   Thumb Code   974  stm32g4xx_hal_tim.o(.text.HAL_TIM_PWM_ConfigChannel)
    HAL_TIM_PWM_Init                         0x08002b51   Thumb Code    98  stm32g4xx_hal_tim.o(.text.HAL_TIM_PWM_Init)
    HAL_TIM_PWM_MspInit                      0x08002bb5   Thumb Code    50  tim.o(.text.HAL_TIM_PWM_MspInit)
    HAL_TIM_PWM_PulseFinishedCallback        0x08002be9   Thumb Code     2  stm32g4xx_hal_tim.o(.text.HAL_TIM_PWM_PulseFinishedCallback)
    HAL_TIM_PeriodElapsedCallback            0x08002bed   Thumb Code    60  fun.o(.text.HAL_TIM_PeriodElapsedCallback)
    HAL_TIM_TriggerCallback                  0x08002c29   Thumb Code     2  stm32g4xx_hal_tim.o(.text.HAL_TIM_TriggerCallback)
    HardFault_Handler                        0x08002c2d   Thumb Code     2  stm32g4xx_it.o(.text.HardFault_Handler)
    LCD_Clear                                0x08002c31   Thumb Code   644  lcd.o(.text.LCD_Clear)
    LCD_DisplayStringLine                    0x08002eb5   Thumb Code    76  lcd.o(.text.LCD_DisplayStringLine)
    LCD_DrawChar                             0x08002f01   Thumb Code   864  lcd.o(.text.LCD_DrawChar)
    LCD_Init                                 0x08003261   Thumb Code   560  lcd.o(.text.LCD_Init)
    LCD_SetBackColor                         0x08003491   Thumb Code    24  lcd.o(.text.LCD_SetBackColor)
    LCD_SetTextColor                         0x080034a9   Thumb Code    24  lcd.o(.text.LCD_SetTextColor)
    MX_ADC1_Init                             0x080034c1   Thumb Code   170  adc.o(.text.MX_ADC1_Init)
    MX_ADC2_Init                             0x0800356d   Thumb Code   130  adc.o(.text.MX_ADC2_Init)
    MX_GPIO_Init                             0x080035f1   Thumb Code   232  gpio.o(.text.MX_GPIO_Init)
    MX_TIM16_Init                            0x080036d9   Thumb Code    56  tim.o(.text.MX_TIM16_Init)
    MX_TIM17_Init                            0x08003711   Thumb Code    56  tim.o(.text.MX_TIM17_Init)
    MX_TIM2_Init                             0x08003749   Thumb Code   114  tim.o(.text.MX_TIM2_Init)
    MX_TIM3_Init                             0x080037bd   Thumb Code   192  tim.o(.text.MX_TIM3_Init)
    MemManage_Handler                        0x0800387d   Thumb Code     2  stm32g4xx_it.o(.text.MemManage_Handler)
    NMI_Handler                              0x08003881   Thumb Code     2  stm32g4xx_it.o(.text.NMI_Handler)
    PendSV_Handler                           0x08003885   Thumb Code     2  stm32g4xx_it.o(.text.PendSV_Handler)
    REG_8230_Init                            0x08003889   Thumb Code  2790  lcd.o(.text.REG_8230_Init)
    REG_932X_Init                            0x08004371   Thumb Code  5406  lcd.o(.text.REG_932X_Init)
    SVC_Handler                              0x08005891   Thumb Code     2  stm32g4xx_it.o(.text.SVC_Handler)
    SysTick_Handler                          0x08005895   Thumb Code     4  stm32g4xx_it.o(.text.SysTick_Handler)
    SystemInit                               0x08005899   Thumb Code    18  system_stm32g4xx.o(.text.SystemInit)
    TIM1_TRG_COM_TIM17_IRQHandler            0x080058ad   Thumb Code    12  stm32g4xx_it.o(.text.TIM1_TRG_COM_TIM17_IRQHandler)
    TIM1_UP_TIM16_IRQHandler                 0x080058b9   Thumb Code    12  stm32g4xx_it.o(.text.TIM1_UP_TIM16_IRQHandler)
    TIM2_IRQHandler                          0x080058c5   Thumb Code    12  stm32g4xx_it.o(.text.TIM2_IRQHandler)
    TIM_Base_SetConfig                       0x080058d1   Thumb Code   266  stm32g4xx_hal_tim.o(.text.TIM_Base_SetConfig)
    UsageFault_Handler                       0x080059dd   Thumb Code     2  stm32g4xx_it.o(.text.UsageFault_Handler)
    adc_proc                                 0x080059e1   Thumb Code   176  fun.o(.text.adc_proc)
    fun_lcd                                  0x08005a91   Thumb Code   960  fun.o(.text.fun_lcd)
    fun_led                                  0x08005ee9   Thumb Code    52  fun.o(.text.fun_led)
    fun_mode                                 0x08005f1d   Thumb Code   228  fun.o(.text.fun_mode)
    key_tick                                 0x08006001   Thumb Code   374  key.o(.text.key_tick)
    led_show                                 0x08006179   Thumb Code    80  led.o(.text.led_show)
    main                                     0x080061c9   Thumb Code   258  main.o(.text.main)
    _is_digit                                0x080062cb   Thumb Code    14  __printf_wp.o(i._is_digit)
    __aeabi_d2f                              0x080062d9   Thumb Code     0  d2f.o(x$fpl$d2f)
    _d2f                                     0x080062d9   Thumb Code    98  d2f.o(x$fpl$d2f)
    __aeabi_dmul                             0x0800633d   Thumb Code     0  dmul.o(x$fpl$dmul)
    _dmul                                    0x0800633d   Thumb Code   332  dmul.o(x$fpl$dmul)
    __fpl_dnaninf                            0x08006491   Thumb Code   156  dnaninf.o(x$fpl$dnaninf)
    __fpl_dretinf                            0x0800652d   Thumb Code    12  dretinf.o(x$fpl$dretinf)
    __aeabi_f2d                              0x08006539   Thumb Code     0  f2d.o(x$fpl$f2d)
    _f2d                                     0x08006539   Thumb Code    86  f2d.o(x$fpl$f2d)
    __fpl_fnaninf                            0x0800658f   Thumb Code   140  fnaninf.o(x$fpl$fnaninf)
    _fp_init                                 0x0800661b   Thumb Code    26  fpinit.o(x$fpl$fpinit)
    __fplib_config_fpu_vfp                   0x08006633   Thumb Code     0  fpinit.o(x$fpl$fpinit)
    __fplib_config_pureend_doubles           0x08006633   Thumb Code     0  fpinit.o(x$fpl$fpinit)
    __fpl_fretinf                            0x08006635   Thumb Code    10  fretinf.o(x$fpl$fretinf)
    __I$use$fp                               0x0800663e   Number         0  usenofp.o(x$fpl$usenofp)
    AHBPrescTable                            0x0800664f   Data          16  system_stm32g4xx.o(.rodata.AHBPrescTable)
    ASCII_Table                              0x08006660   Data        4560  lcd.o(.rodata.ASCII_Table)
    Region$$Table$$Base                      0x080078f0   Number         0  anon$$obj.o(Region$$Table)
    Region$$Table$$Limit                     0x08007910   Number         0  anon$$obj.o(Region$$Table)
    uwTickPrio                               0x20000000   Data           4  stm32g4xx_hal.o(.data..L_MergedGlobals)
    uwTickFreq                               0x20000004   Data           4  stm32g4xx_hal.o(.data..L_MergedGlobals)
    SystemCoreClock                          0x2000000c   Data           4  system_stm32g4xx.o(.data.SystemCoreClock)
    __libspace_start                         0x20000018   Data          96  libspace.o(.bss)
    __temporary_stack_top$libspace           0x20000078   Data           0  libspace.o(.bss)
    lcd_mode                                 0x20000078   Data           1  fun.o(.bss..L_MergedGlobals)
    lock_flag                                0x20000079   Data           1  fun.o(.bss..L_MergedGlobals)
    free_A                                   0x2000007c   Data           2  fun.o(.bss..L_MergedGlobals)
    count_time                               0x20000080   Data           4  fun.o(.bss..L_MergedGlobals)
    adc_A                                    0x20000088   Data           4  fun.o(.bss..L_MergedGlobals)
    adc_B                                    0x2000008c   Data           4  fun.o(.bss..L_MergedGlobals)
    buf                                      0x20000090   Data          30  fun.o(.bss..L_MergedGlobals)
    key_long                                 0x200000b2   Data           4  key.o(.bss..L_MergedGlobals)
    key_short                                0x200000b6   Data           4  key.o(.bss..L_MergedGlobals)
    dummy                                    0x200000ca   Data           2  lcd.o(.bss.dummy)
    hadc1                                    0x200000cc   Data         108  adc.o(.bss.hadc1)
    hadc2                                    0x20000138   Data         108  adc.o(.bss.hadc2)
    htim16                                   0x200001a4   Data          76  tim.o(.bss.htim16)
    htim17                                   0x200001f0   Data          76  tim.o(.bss.htim17)
    htim2                                    0x2000023c   Data          76  tim.o(.bss.htim2)
    htim3                                    0x20000288   Data          76  tim.o(.bss.htim3)
    uwTick                                   0x200002d4   Data           4  stm32g4xx_hal.o(.bss.uwTick)



==============================================================================

Memory Map of the image

  Image Entry point : 0x080001d9

  Load Region LR_IROM1 (Base: 0x08000000, Size: 0x00007928, Max: 0x00020000, ABSOLUTE)

    Execution Region ER_IROM1 (Exec base: 0x08000000, Load base: 0x08000000, Size: 0x00007910, Max: 0x00020000, ABSOLUTE)

    Exec Addr    Load Addr    Size         Type   Attr      Idx    E Section Name        Object

    0x08000000   0x08000000   0x000001d8   Data   RO            3    RESET               startup_stm32g431xx.o
    0x080001d8   0x080001d8   0x00000008   Code   RO         1314  * !!!main             c_w.l(__main.o)
    0x080001e0   0x080001e0   0x00000034   Code   RO         1503    !!!scatter          c_w.l(__scatter.o)
    0x08000214   0x08000214   0x0000001a   Code   RO         1505    !!handler_copy      c_w.l(__scatter_copy.o)
    0x0800022e   0x0800022e   0x00000002   PAD
    0x08000230   0x08000230   0x0000001c   Code   RO         1507    !!handler_zi        c_w.l(__scatter_zi.o)
    0x0800024c   0x0800024c   0x00000000   Code   RO         1309    .ARM.Collect$$_printf_percent$$00000000  c_w.l(_printf_percent.o)
    0x0800024c   0x0800024c   0x00000006   Code   RO         1308    .ARM.Collect$$_printf_percent$$00000009  c_w.l(_printf_d.o)
    0x08000252   0x08000252   0x00000004   Code   RO         1329    .ARM.Collect$$_printf_percent$$00000017  c_w.l(_printf_percent_end.o)
    0x08000256   0x08000256   0x00000002   Code   RO         1365    .ARM.Collect$$libinit$$00000000  c_w.l(libinit.o)
    0x08000258   0x08000258   0x00000004   Code   RO         1371    .ARM.Collect$$libinit$$00000001  c_w.l(libinit2.o)
    0x0800025c   0x0800025c   0x00000000   Code   RO         1374    .ARM.Collect$$libinit$$00000004  c_w.l(libinit2.o)
    0x0800025c   0x0800025c   0x00000000   Code   RO         1376    .ARM.Collect$$libinit$$00000006  c_w.l(libinit2.o)
    0x0800025c   0x0800025c   0x00000000   Code   RO         1379    .ARM.Collect$$libinit$$0000000C  c_w.l(libinit2.o)
    0x0800025c   0x0800025c   0x00000000   Code   RO         1381    .ARM.Collect$$libinit$$0000000E  c_w.l(libinit2.o)
    0x0800025c   0x0800025c   0x00000000   Code   RO         1383    .ARM.Collect$$libinit$$00000010  c_w.l(libinit2.o)
    0x0800025c   0x0800025c   0x00000000   Code   RO         1386    .ARM.Collect$$libinit$$00000013  c_w.l(libinit2.o)
    0x0800025c   0x0800025c   0x00000000   Code   RO         1388    .ARM.Collect$$libinit$$00000015  c_w.l(libinit2.o)
    0x0800025c   0x0800025c   0x00000000   Code   RO         1390    .ARM.Collect$$libinit$$00000017  c_w.l(libinit2.o)
    0x0800025c   0x0800025c   0x00000000   Code   RO         1392    .ARM.Collect$$libinit$$00000019  c_w.l(libinit2.o)
    0x0800025c   0x0800025c   0x00000000   Code   RO         1394    .ARM.Collect$$libinit$$0000001B  c_w.l(libinit2.o)
    0x0800025c   0x0800025c   0x00000000   Code   RO         1396    .ARM.Collect$$libinit$$0000001D  c_w.l(libinit2.o)
    0x0800025c   0x0800025c   0x00000000   Code   RO         1398    .ARM.Collect$$libinit$$0000001F  c_w.l(libinit2.o)
    0x0800025c   0x0800025c   0x00000000   Code   RO         1400    .ARM.Collect$$libinit$$00000021  c_w.l(libinit2.o)
    0x0800025c   0x0800025c   0x00000000   Code   RO         1402    .ARM.Collect$$libinit$$00000023  c_w.l(libinit2.o)
    0x0800025c   0x0800025c   0x00000000   Code   RO         1404    .ARM.Collect$$libinit$$00000025  c_w.l(libinit2.o)
    0x0800025c   0x0800025c   0x00000000   Code   RO         1406    .ARM.Collect$$libinit$$00000027  c_w.l(libinit2.o)
    0x0800025c   0x0800025c   0x00000000   Code   RO         1410    .ARM.Collect$$libinit$$0000002E  c_w.l(libinit2.o)
    0x0800025c   0x0800025c   0x00000000   Code   RO         1412    .ARM.Collect$$libinit$$00000030  c_w.l(libinit2.o)
    0x0800025c   0x0800025c   0x00000000   Code   RO         1414    .ARM.Collect$$libinit$$00000032  c_w.l(libinit2.o)
    0x0800025c   0x0800025c   0x00000000   Code   RO         1416    .ARM.Collect$$libinit$$00000034  c_w.l(libinit2.o)
    0x0800025c   0x0800025c   0x00000002   Code   RO         1417    .ARM.Collect$$libinit$$00000035  c_w.l(libinit2.o)
    0x0800025e   0x0800025e   0x00000002   Code   RO         1439    .ARM.Collect$$libshutdown$$00000000  c_w.l(libshutdown.o)
    0x08000260   0x08000260   0x00000000   Code   RO         1454    .ARM.Collect$$libshutdown$$00000002  c_w.l(libshutdown2.o)
    0x08000260   0x08000260   0x00000000   Code   RO         1456    .ARM.Collect$$libshutdown$$00000004  c_w.l(libshutdown2.o)
    0x08000260   0x08000260   0x00000000   Code   RO         1459    .ARM.Collect$$libshutdown$$00000007  c_w.l(libshutdown2.o)
    0x08000260   0x08000260   0x00000000   Code   RO         1462    .ARM.Collect$$libshutdown$$0000000A  c_w.l(libshutdown2.o)
    0x08000260   0x08000260   0x00000000   Code   RO         1464    .ARM.Collect$$libshutdown$$0000000C  c_w.l(libshutdown2.o)
    0x08000260   0x08000260   0x00000000   Code   RO         1467    .ARM.Collect$$libshutdown$$0000000F  c_w.l(libshutdown2.o)
    0x08000260   0x08000260   0x00000002   Code   RO         1468    .ARM.Collect$$libshutdown$$00000010  c_w.l(libshutdown2.o)
    0x08000262   0x08000262   0x00000000   Code   RO         1322    .ARM.Collect$$rtentry$$00000000  c_w.l(__rtentry.o)
    0x08000262   0x08000262   0x00000000   Code   RO         1340    .ARM.Collect$$rtentry$$00000002  c_w.l(__rtentry2.o)
    0x08000262   0x08000262   0x00000006   Code   RO         1352    .ARM.Collect$$rtentry$$00000004  c_w.l(__rtentry4.o)
    0x08000268   0x08000268   0x00000000   Code   RO         1342    .ARM.Collect$$rtentry$$00000009  c_w.l(__rtentry2.o)
    0x08000268   0x08000268   0x00000004   Code   RO         1343    .ARM.Collect$$rtentry$$0000000A  c_w.l(__rtentry2.o)
    0x0800026c   0x0800026c   0x00000000   Code   RO         1345    .ARM.Collect$$rtentry$$0000000C  c_w.l(__rtentry2.o)
    0x0800026c   0x0800026c   0x00000008   Code   RO         1346    .ARM.Collect$$rtentry$$0000000D  c_w.l(__rtentry2.o)
    0x08000274   0x08000274   0x00000002   Code   RO         1369    .ARM.Collect$$rtexit$$00000000  c_w.l(rtexit.o)
    0x08000276   0x08000276   0x00000000   Code   RO         1419    .ARM.Collect$$rtexit$$00000002  c_w.l(rtexit2.o)
    0x08000276   0x08000276   0x00000004   Code   RO         1420    .ARM.Collect$$rtexit$$00000003  c_w.l(rtexit2.o)
    0x0800027a   0x0800027a   0x00000006   Code   RO         1421    .ARM.Collect$$rtexit$$00000004  c_w.l(rtexit2.o)
    0x08000280   0x08000280   0x00000040   Code   RO            4    .text               startup_stm32g431xx.o
    0x080002c0   0x080002c0   0x00000028   Code   RO         1280    .text               c_w.l(noretval__2sprintf.o)
    0x080002e8   0x080002e8   0x0000004e   Code   RO         1284    .text               c_w.l(_printf_pad.o)
    0x08000336   0x08000336   0x00000002   PAD
    0x08000338   0x08000338   0x00000078   Code   RO         1286    .text               c_w.l(_printf_dec.o)
    0x080003b0   0x080003b0   0x00000138   Code   RO         1300    .text               c_w.l(__printf_flags_wp.o)
    0x080004e8   0x080004e8   0x0000004e   Code   RO         1310    .text               c_w.l(rt_memclr_w.o)
    0x08000536   0x08000536   0x00000006   Code   RO         1312    .text               c_w.l(heapauxi.o)
    0x0800053c   0x0800053c   0x000000b2   Code   RO         1323    .text               c_w.l(_printf_intcommon.o)
    0x080005ee   0x080005ee   0x00000002   PAD
    0x080005f0   0x080005f0   0x00000030   Code   RO         1325    .text               c_w.l(_printf_char_common.o)
    0x08000620   0x08000620   0x0000000a   Code   RO         1327    .text               c_w.l(_sputc.o)
    0x0800062a   0x0800062a   0x0000004a   Code   RO         1356    .text               c_w.l(sys_stackheap_outer.o)
    0x08000674   0x08000674   0x00000012   Code   RO         1358    .text               c_w.l(exit.o)
    0x08000686   0x08000686   0x00000002   PAD
    0x08000688   0x08000688   0x00000008   Code   RO         1366    .text               c_w.l(libspace.o)
    0x08000690   0x08000690   0x0000000c   Code   RO         1429    .text               c_w.l(sys_exit.o)
    0x0800069c   0x0800069c   0x00000002   Code   RO         1444    .text               c_w.l(use_no_semi.o)
    0x0800069e   0x0800069e   0x00000000   Code   RO         1446    .text               c_w.l(indicate_semi.o)
    0x0800069e   0x0800069e   0x00000002   PAD
    0x080006a0   0x080006a0   0x00000002   Code   RO           94    .text.BusFault_Handler  stm32g4xx_it.o
    0x080006a2   0x080006a2   0x00000002   PAD
    0x080006a4   0x080006a4   0x00000002   Code   RO          100    .text.DebugMon_Handler  stm32g4xx_it.o
    0x080006a6   0x080006a6   0x00000002   PAD
    0x080006a8   0x080006a8   0x0000000a   Code   RO           15    .text.Error_Handler  main.o
    0x080006b2   0x080006b2   0x00000002   PAD
    0x080006b4   0x080006b4   0x000000c0   Code   RO          239    .text.HAL_ADCEx_MultiModeConfigChannel  stm32g4xx_hal_adc_ex.o
    0x08000774   0x08000774   0x000003aa   Code   RO          179    .text.HAL_ADC_ConfigChannel  stm32g4xx_hal_adc.o
    0x08000b1e   0x08000b1e   0x00000002   PAD
    0x08000b20   0x08000b20   0x00000006   Code   RO          163    .text.HAL_ADC_GetValue  stm32g4xx_hal_adc.o
    0x08000b26   0x08000b26   0x00000002   PAD
    0x08000b28   0x08000b28   0x00000248   Code   RO          127    .text.HAL_ADC_Init  stm32g4xx_hal_adc.o
    0x08000d70   0x08000d70   0x00000102   Code   RO           39    .text.HAL_ADC_MspInit  adc.o
    0x08000e72   0x08000e72   0x00000002   PAD
    0x08000e74   0x08000e74   0x00000154   Code   RO          139    .text.HAL_ADC_Start  stm32g4xx_hal_adc.o
    0x08000fc8   0x08000fc8   0x00000028   Code   RO          278    .text.HAL_Delay     stm32g4xx_hal.o
    0x08000ff0   0x08000ff0   0x000001aa   Code   RO          492    .text.HAL_GPIO_Init  stm32g4xx_hal_gpio.o
    0x0800119a   0x0800119a   0x00000002   PAD
    0x0800119c   0x0800119c   0x0000000a   Code   RO          496    .text.HAL_GPIO_ReadPin  stm32g4xx_hal_gpio.o
    0x080011a6   0x080011a6   0x00000002   PAD
    0x080011a8   0x080011a8   0x0000000c   Code   RO          498    .text.HAL_GPIO_WritePin  stm32g4xx_hal_gpio.o
    0x080011b4   0x080011b4   0x0000000c   Code   RO          270    .text.HAL_GetTick   stm32g4xx_hal.o
    0x080011c0   0x080011c0   0x0000001a   Code   RO          268    .text.HAL_IncTick   stm32g4xx_hal.o
    0x080011da   0x080011da   0x00000002   PAD
    0x080011dc   0x080011dc   0x0000001e   Code   RO          258    .text.HAL_Init      stm32g4xx_hal.o
    0x080011fa   0x080011fa   0x00000002   PAD
    0x080011fc   0x080011fc   0x0000004c   Code   RO          260    .text.HAL_InitTick  stm32g4xx_hal.o
    0x08001248   0x08001248   0x00000034   Code   RO          119    .text.HAL_MspInit   stm32g4xx_hal_msp.o
    0x0800127c   0x0800127c   0x00000026   Code   RO          718    .text.HAL_NVIC_EnableIRQ  stm32g4xx_hal_cortex.o
    0x080012a2   0x080012a2   0x00000002   PAD
    0x080012a4   0x080012a4   0x00000056   Code   RO          716    .text.HAL_NVIC_SetPriority  stm32g4xx_hal_cortex.o
    0x080012fa   0x080012fa   0x00000002   PAD
    0x080012fc   0x080012fc   0x00000020   Code   RO          714    .text.HAL_NVIC_SetPriorityGrouping  stm32g4xx_hal_cortex.o
    0x0800131c   0x0800131c   0x00000126   Code   RO          634    .text.HAL_PWREx_ControlVoltageScaling  stm32g4xx_hal_pwr_ex.o
    0x08001442   0x08001442   0x00000002   PAD
    0x08001444   0x08001444   0x00000012   Code   RO          704    .text.HAL_PWREx_DisableUCPDDeadBattery  stm32g4xx_hal_pwr_ex.o
    0x08001456   0x08001456   0x00000002   PAD
    0x08001458   0x08001458   0x0000026a   Code   RO          376    .text.HAL_RCCEx_PeriphCLKConfig  stm32g4xx_hal_rcc_ex.o
    0x080016c2   0x080016c2   0x00000002   PAD
    0x080016c4   0x080016c4   0x00000314   Code   RO          342    .text.HAL_RCC_ClockConfig  stm32g4xx_hal_rcc.o
    0x080019d8   0x080019d8   0x000004b0   Code   RO          340    .text.HAL_RCC_OscConfig  stm32g4xx_hal_rcc.o
    0x08001e88   0x08001e88   0x0000002c   Code   RO          726    .text.HAL_SYSTICK_Config  stm32g4xx_hal_cortex.o
    0x08001eb4   0x08001eb4   0x00000002   Code   RO         1111    .text.HAL_TIMEx_Break2Callback  stm32g4xx_hal_tim_ex.o
    0x08001eb6   0x08001eb6   0x00000002   PAD
    0x08001eb8   0x08001eb8   0x00000002   Code   RO         1109    .text.HAL_TIMEx_BreakCallback  stm32g4xx_hal_tim_ex.o
    0x08001eba   0x08001eba   0x00000002   PAD
    0x08001ebc   0x08001ebc   0x00000002   Code   RO         1105    .text.HAL_TIMEx_CommutCallback  stm32g4xx_hal_tim_ex.o
    0x08001ebe   0x08001ebe   0x00000002   PAD
    0x08001ec0   0x08001ec0   0x00000002   Code   RO         1115    .text.HAL_TIMEx_DirectionChangeCallback  stm32g4xx_hal_tim_ex.o
    0x08001ec2   0x08001ec2   0x00000002   PAD
    0x08001ec4   0x08001ec4   0x00000002   Code   RO         1113    .text.HAL_TIMEx_EncoderIndexCallback  stm32g4xx_hal_tim_ex.o
    0x08001ec6   0x08001ec6   0x00000002   PAD
    0x08001ec8   0x08001ec8   0x00000002   Code   RO         1117    .text.HAL_TIMEx_IndexErrorCallback  stm32g4xx_hal_tim_ex.o
    0x08001eca   0x08001eca   0x00000002   PAD
    0x08001ecc   0x08001ecc   0x000000a2   Code   RO         1055    .text.HAL_TIMEx_MasterConfigSynchronization  stm32g4xx_hal_tim_ex.o
    0x08001f6e   0x08001f6e   0x00000002   PAD
    0x08001f70   0x08001f70   0x00000002   Code   RO         1119    .text.HAL_TIMEx_TransitionErrorCallback  stm32g4xx_hal_tim_ex.o
    0x08001f72   0x08001f72   0x00000002   PAD
    0x08001f74   0x08001f74   0x00000062   Code   RO          760    .text.HAL_TIM_Base_Init  stm32g4xx_hal_tim.o
    0x08001fd6   0x08001fd6   0x00000002   PAD
    0x08001fd8   0x08001fd8   0x00000074   Code   RO           68    .text.HAL_TIM_Base_MspInit  tim.o
    0x0800204c   0x0800204c   0x00000092   Code   RO          774    .text.HAL_TIM_Base_Start_IT  stm32g4xx_hal_tim.o
    0x080020de   0x080020de   0x00000002   PAD
    0x080020e0   0x080020e0   0x00000030   Code   RO         1237    .text.HAL_TIM_IC_CaptureCallback  fun.o
    0x08002110   0x08002110   0x000001a2   Code   RO          910    .text.HAL_TIM_IC_ConfigChannel  stm32g4xx_hal_tim.o
    0x080022b2   0x080022b2   0x00000002   PAD
    0x080022b4   0x080022b4   0x00000062   Code   RO          834    .text.HAL_TIM_IC_Init  stm32g4xx_hal_tim.o
    0x08002316   0x08002316   0x00000002   PAD
    0x08002318   0x08002318   0x0000006e   Code   RO           64    .text.HAL_TIM_IC_MspInit  tim.o
    0x08002386   0x08002386   0x00000002   PAD
    0x08002388   0x08002388   0x000001e2   Code   RO          846    .text.HAL_TIM_IC_Start_IT  stm32g4xx_hal_tim.o
    0x0800256a   0x0800256a   0x00000002   PAD
    0x0800256c   0x0800256c   0x00000210   Code   RO          894    .text.HAL_TIM_IRQHandler  stm32g4xx_hal_tim.o
    0x0800277c   0x0800277c   0x00000002   Code   RO          898    .text.HAL_TIM_OC_DelayElapsedCallback  stm32g4xx_hal_tim.o
    0x0800277e   0x0800277e   0x00000002   PAD
    0x08002780   0x08002780   0x000003ce   Code   RO          914    .text.HAL_TIM_PWM_ConfigChannel  stm32g4xx_hal_tim.o
    0x08002b4e   0x08002b4e   0x00000002   PAD
    0x08002b50   0x08002b50   0x00000062   Code   RO          814    .text.HAL_TIM_PWM_Init  stm32g4xx_hal_tim.o
    0x08002bb2   0x08002bb2   0x00000002   PAD
    0x08002bb4   0x08002bb4   0x00000032   Code   RO           66    .text.HAL_TIM_PWM_MspInit  tim.o
    0x08002be6   0x08002be6   0x00000002   PAD
    0x08002be8   0x08002be8   0x00000002   Code   RO          900    .text.HAL_TIM_PWM_PulseFinishedCallback  stm32g4xx_hal_tim.o
    0x08002bea   0x08002bea   0x00000002   PAD
    0x08002bec   0x08002bec   0x0000003c   Code   RO         1235    .text.HAL_TIM_PeriodElapsedCallback  fun.o
    0x08002c28   0x08002c28   0x00000002   Code   RO          904    .text.HAL_TIM_TriggerCallback  stm32g4xx_hal_tim.o
    0x08002c2a   0x08002c2a   0x00000002   PAD
    0x08002c2c   0x08002c2c   0x00000002   Code   RO           90    .text.HardFault_Handler  stm32g4xx_it.o
    0x08002c2e   0x08002c2e   0x00000002   PAD
    0x08002c30   0x08002c30   0x00000284   Code   RO         1171    .text.LCD_Clear     lcd.o
    0x08002eb4   0x08002eb4   0x0000004c   Code   RO         1169    .text.LCD_DisplayStringLine  lcd.o
    0x08002f00   0x08002f00   0x00000360   Code   RO         1179    .text.LCD_DrawChar  lcd.o
    0x08003260   0x08003260   0x00000230   Code   RO         1157    .text.LCD_Init      lcd.o
    0x08003490   0x08003490   0x00000018   Code   RO         1165    .text.LCD_SetBackColor  lcd.o
    0x080034a8   0x080034a8   0x00000018   Code   RO         1163    .text.LCD_SetTextColor  lcd.o
    0x080034c0   0x080034c0   0x000000aa   Code   RO           35    .text.MX_ADC1_Init  adc.o
    0x0800356a   0x0800356a   0x00000002   PAD
    0x0800356c   0x0800356c   0x00000082   Code   RO           37    .text.MX_ADC2_Init  adc.o
    0x080035ee   0x080035ee   0x00000002   PAD
    0x080035f0   0x080035f0   0x000000e8   Code   RO           26    .text.MX_GPIO_Init  gpio.o
    0x080036d8   0x080036d8   0x00000038   Code   RO           60    .text.MX_TIM16_Init  tim.o
    0x08003710   0x08003710   0x00000038   Code   RO           62    .text.MX_TIM17_Init  tim.o
    0x08003748   0x08003748   0x00000072   Code   RO           54    .text.MX_TIM2_Init  tim.o
    0x080037ba   0x080037ba   0x00000002   PAD
    0x080037bc   0x080037bc   0x000000c0   Code   RO           56    .text.MX_TIM3_Init  tim.o
    0x0800387c   0x0800387c   0x00000002   Code   RO           92    .text.MemManage_Handler  stm32g4xx_it.o
    0x0800387e   0x0800387e   0x00000002   PAD
    0x08003880   0x08003880   0x00000002   Code   RO           88    .text.NMI_Handler   stm32g4xx_it.o
    0x08003882   0x08003882   0x00000002   PAD
    0x08003884   0x08003884   0x00000002   Code   RO          102    .text.PendSV_Handler  stm32g4xx_it.o
    0x08003886   0x08003886   0x00000002   PAD
    0x08003888   0x08003888   0x00000ae6   Code   RO         1151    .text.REG_8230_Init  lcd.o
    0x0800436e   0x0800436e   0x00000002   PAD
    0x08004370   0x08004370   0x0000151e   Code   RO         1155    .text.REG_932X_Init  lcd.o
    0x0800588e   0x0800588e   0x00000002   PAD
    0x08005890   0x08005890   0x00000002   Code   RO           98    .text.SVC_Handler   stm32g4xx_it.o
    0x08005892   0x08005892   0x00000002   PAD
    0x08005894   0x08005894   0x00000004   Code   RO          104    .text.SysTick_Handler  stm32g4xx_it.o
    0x08005898   0x08005898   0x00000012   Code   RO         1134    .text.SystemInit    system_stm32g4xx.o
    0x080058aa   0x080058aa   0x00000002   PAD
    0x080058ac   0x080058ac   0x0000000c   Code   RO          108    .text.TIM1_TRG_COM_TIM17_IRQHandler  stm32g4xx_it.o
    0x080058b8   0x080058b8   0x0000000c   Code   RO          106    .text.TIM1_UP_TIM16_IRQHandler  stm32g4xx_it.o
    0x080058c4   0x080058c4   0x0000000c   Code   RO          110    .text.TIM2_IRQHandler  stm32g4xx_it.o
    0x080058d0   0x080058d0   0x0000010a   Code   RO          764    .text.TIM_Base_SetConfig  stm32g4xx_hal_tim.o
    0x080059da   0x080059da   0x00000002   PAD
    0x080059dc   0x080059dc   0x00000002   Code   RO           96    .text.UsageFault_Handler  stm32g4xx_it.o
    0x080059de   0x080059de   0x00000002   PAD
    0x080059e0   0x080059e0   0x000000b0   Code   RO         1229    .text.adc_proc      fun.o
    0x08005a90   0x08005a90   0x00000458   Code   RO         1233    .text.fun_lcd       fun.o
    0x08005ee8   0x08005ee8   0x00000034   Code   RO         1223    .text.fun_led       fun.o
    0x08005f1c   0x08005f1c   0x000000e4   Code   RO         1225    .text.fun_mode      fun.o
    0x08006000   0x08006000   0x00000176   Code   RO         1266    .text.key_tick      key.o
    0x08006176   0x08006176   0x00000002   PAD
    0x08006178   0x08006178   0x00000050   Code   RO         1254    .text.led_show      led.o
    0x080061c8   0x080061c8   0x00000102   Code   RO           11    .text.main          main.o
    0x080062ca   0x080062ca   0x0000000e   Code   RO         1298    i._is_digit         c_w.l(__printf_wp.o)
    0x080062d8   0x080062d8   0x00000062   Code   RO         1316    x$fpl$d2f           fz_wm.l(d2f.o)
    0x0800633a   0x0800633a   0x00000002   PAD
    0x0800633c   0x0800633c   0x00000154   Code   RO         1318    x$fpl$dmul          fz_wm.l(dmul.o)
    0x08006490   0x08006490   0x0000009c   Code   RO         1330    x$fpl$dnaninf       fz_wm.l(dnaninf.o)
    0x0800652c   0x0800652c   0x0000000c   Code   RO         1332    x$fpl$dretinf       fz_wm.l(dretinf.o)
    0x08006538   0x08006538   0x00000056   Code   RO         1320    x$fpl$f2d           fz_wm.l(f2d.o)
    0x0800658e   0x0800658e   0x0000008c   Code   RO         1334    x$fpl$fnaninf       fz_wm.l(fnaninf.o)
    0x0800661a   0x0800661a   0x0000001a   Code   RO         1427    x$fpl$fpinit        fz_wm.l(fpinit.o)
    0x08006634   0x08006634   0x0000000a   Code   RO         1336    x$fpl$fretinf       fz_wm.l(fretinf.o)
    0x0800663e   0x0800663e   0x00000000   Code   RO         1338    x$fpl$usenofp       fz_wm.l(usenofp.o)
    0x0800663e   0x0800663e   0x00000011   Data   RO         1301    .constdata          c_w.l(__printf_flags_wp.o)
    0x0800664f   0x0800664f   0x00000010   Data   RO         1139    .rodata.AHBPrescTable  system_stm32g4xx.o
    0x0800665f   0x0800665f   0x00000001   PAD
    0x08006660   0x08006660   0x000011d0   Data   RO         1211    .rodata.ASCII_Table  lcd.o
    0x08007830   0x08007830   0x00000020   Data   RO          980    .rodata.cst16       stm32g4xx_hal_tim.o
    0x08007850   0x08007850   0x0000001d   Data   RO         1244    .rodata.str1.1      fun.o
    0x0800786d   0x0800786d   0x00000003   PAD
    0x08007870   0x08007870   0x0000007d   Data   RO         1243    .rodata.str1.4      fun.o
    0x080078ed   0x080078ed   0x00000003   PAD
    0x080078f0   0x080078f0   0x00000020   Data   RO         1502    Region$$Table       anon$$obj.o


    Execution Region RW_IRAM1 (Exec base: 0x20000000, Load base: 0x08007910, Size: 0x000008d8, Max: 0x00008000, ABSOLUTE)

    Exec Addr    Load Addr    Size         Type   Attr      Idx    E Section Name        Object

    0x20000000   0x08007910   0x00000008   Data   RW          329    .data..L_MergedGlobals  stm32g4xx_hal.o
    0x20000008   0x08007918   0x00000002   Data   RW         1214    .data.BackColor     lcd.o
    0x2000000a   0x0800791a   0x00000002   PAD
    0x2000000c   0x0800791c   0x00000004   Data   RW         1138    .data.SystemCoreClock  system_stm32g4xx.o
    0x20000010   0x08007920   0x00000001   Data   RW         1256    .data.led_show.ledbuf  led.o
    0x20000011   0x08007921   0x00000007   PAD
    0x20000018        -       0x00000060   Zero   RW         1367    .bss                c_w.l(libspace.o)
    0x20000078        -       0x00000036   Zero   RW         1245    .bss..L_MergedGlobals  fun.o
    0x200000ae        -       0x00000014   Zero   RW         1268    .bss..L_MergedGlobals  key.o
    0x200000c2   0x08007921   0x00000002   PAD
    0x200000c4        -       0x00000004   Zero   RW           45    .bss.HAL_RCC_ADC12_CLK_ENABLED  adc.o
    0x200000c8        -       0x00000002   Zero   RW         1213    .bss.TextColor      lcd.o
    0x200000ca        -       0x00000002   Zero   RW         1212    .bss.dummy          lcd.o
    0x200000cc        -       0x0000006c   Zero   RW           43    .bss.hadc1          adc.o
    0x20000138        -       0x0000006c   Zero   RW           44    .bss.hadc2          adc.o
    0x200001a4        -       0x0000004c   Zero   RW           78    .bss.htim16         tim.o
    0x200001f0        -       0x0000004c   Zero   RW           79    .bss.htim17         tim.o
    0x2000023c        -       0x0000004c   Zero   RW           76    .bss.htim2          tim.o
    0x20000288        -       0x0000004c   Zero   RW           77    .bss.htim3          tim.o
    0x200002d4        -       0x00000004   Zero   RW          328    .bss.uwTick         stm32g4xx_hal.o
    0x200002d8        -       0x00000200   Zero   RW            2    HEAP                startup_stm32g431xx.o
    0x200004d8        -       0x00000400   Zero   RW            1    STACK               startup_stm32g431xx.o


==============================================================================

Image component sizes


      Code (inc. data)   RO Data    RW Data    ZI Data      Debug   Object Name

       558          0          0          0        220       7564   adc.o
      1676        184        154          0         54       9220   fun.o
       232          0          0          0          0       2440   gpio.o
       374         30          0          0         20       2655   key.o
     10388          0       4560          2          4      26094   lcd.o
        80          0          0          1          0       1403   led.o
       268          0          0          0          0       3399   main.o
        64         26        472          0       1536        832   startup_stm32g431xx.o
       184          0          0          8          4       8598   stm32g4xx_hal.o
      1868          0          0          0          0      29080   stm32g4xx_hal_adc.o
       192          0          0          0          0      22570   stm32g4xx_hal_adc_ex.o
       200          0          0          0          0      10240   stm32g4xx_hal_cortex.o
       448          0          0          0          0       5238   stm32g4xx_hal_gpio.o
        52          0          0          0          0       1743   stm32g4xx_hal_msp.o
       312          0          0          0          0       9778   stm32g4xx_hal_pwr_ex.o
      1988          0          0          0          0       9959   stm32g4xx_hal_rcc.o
       618          0          0          0          0      10677   stm32g4xx_hal_rcc_ex.o
      3114         28         32          0          0      60448   stm32g4xx_hal_tim.o
       176          0          0          0          0      29825   stm32g4xx_hal_tim_ex.o
        56          0          0          0          0       5275   stm32g4xx_it.o
        18          0         16          4          0       2772   system_stm32g4xx.o
       694          0          0          0        304      10490   tim.o

    ----------------------------------------------------------------------
     23658        268       5273         20       2148     270300   Object Totals
         0          0         32          0          0          0   (incl. Generated)
        98          0          7          5          6          0   (incl. Padding)

    ----------------------------------------------------------------------

      Code (inc. data)   RO Data    RW Data    ZI Data      Debug   Library Member Name

         8          0          0          0          0         68   __main.o
       312          4         17          0          0         92   __printf_flags_wp.o
        14          0          0          0          0         68   __printf_wp.o
         0          0          0          0          0          0   __rtentry.o
        12          0          0          0          0          0   __rtentry2.o
         6          0          0          0          0          0   __rtentry4.o
        52          8          0          0          0          0   __scatter.o
        26          0          0          0          0          0   __scatter_copy.o
        28          0          0          0          0          0   __scatter_zi.o
        48          6          0          0          0         96   _printf_char_common.o
         6          0          0          0          0          0   _printf_d.o
       120         16          0          0          0         92   _printf_dec.o
       178          0          0          0          0         88   _printf_intcommon.o
        78          0          0          0          0        108   _printf_pad.o
         0          0          0          0          0          0   _printf_percent.o
         4          0          0          0          0          0   _printf_percent_end.o
        10          0          0          0          0         68   _sputc.o
        18          0          0          0          0         80   exit.o
         6          0          0          0          0        152   heapauxi.o
         0          0          0          0          0          0   indicate_semi.o
         2          0          0          0          0          0   libinit.o
         6          0          0          0          0          0   libinit2.o
         2          0          0          0          0          0   libshutdown.o
         2          0          0          0          0          0   libshutdown2.o
         8          4          0          0         96         68   libspace.o
        40          6          0          0          0         84   noretval__2sprintf.o
        78          0          0          0          0         80   rt_memclr_w.o
         2          0          0          0          0          0   rtexit.o
        10          0          0          0          0          0   rtexit2.o
        12          4          0          0          0         68   sys_exit.o
        74          0          0          0          0         80   sys_stackheap_outer.o
         2          0          0          0          0         68   use_no_semi.o
        98          4          0          0          0        140   d2f.o
       340         12          0          0          0        152   dmul.o
       156          4          0          0          0        140   dnaninf.o
        12          0          0          0          0        116   dretinf.o
        86          4          0          0          0        132   f2d.o
       140          4          0          0          0        132   fnaninf.o
        26          0          0          0          0        116   fpinit.o
        10          0          0          0          0        116   fretinf.o
         0          0          0          0          0          0   usenofp.o

    ----------------------------------------------------------------------
      2044         76         17          0         96       2404   Library Totals
        12          0          0          0          0          0   (incl. Padding)

    ----------------------------------------------------------------------

      Code (inc. data)   RO Data    RW Data    ZI Data      Debug   Library Name

      1164         48         17          0         96       1360   c_w.l
       868         28          0          0          0       1044   fz_wm.l

    ----------------------------------------------------------------------
      2044         76         17          0         96       2404   Library Totals

    ----------------------------------------------------------------------

==============================================================================


      Code (inc. data)   RO Data    RW Data    ZI Data      Debug   

     25702        344       5290         20       2244     270980   Grand Totals
     25702        344       5290         20       2244     270980   ELF Image Totals
     25702        344       5290         20          0          0   ROM Totals

==============================================================================

    Total RO  Size (Code + RO Data)                30992 (  30.27kB)
    Total RW  Size (RW Data + ZI Data)              2264 (   2.21kB)
    Total ROM Size (Code + RO Data + RW Data)      31012 (  30.29kB)

==============================================================================

